\BOOKMARK [0][-]{part.1}{\376\377\000I\000\040\000T\000h\000e\000\040\000P\000r\000o\000b\000l\000e\000m}{}% 1
\BOOKMARK [1][-]{section.1}{\376\377\000I\000n\000t\000r\000o\000d\000u\000c\000t\000i\000o\000n}{part.1}% 2
\BOOKMARK [2][-]{subsection.1.1}{\376\377\000W\000h\000a\000t\000\040\000i\000s\000\040\000n\000o\000t\000\040\000e\000x\000p\000l\000a\000i\000n\000e\000d\000\040\000b\000y\000\040\000t\000h\000e\000\040\000s\000t\000a\000n\000d\000a\000r\000d\000\040\000a\000c\000c\000o\000u\000n\000t}{section.1}% 3
\BOOKMARK [2][-]{subsection.1.2}{\376\377\000W\000h\000a\000t\000\040\000t\000h\000i\000s\000\040\000p\000a\000p\000e\000r\000\040\000d\000o\000e\000s}{section.1}% 4
\BOOKMARK [2][-]{subsection.1.3}{\376\377\000C\000o\000n\000v\000e\000n\000t\000i\000o\000n\000s}{section.1}% 5
\BOOKMARK [0][-]{part.2}{\376\377\000I\000I\000\040\000F\000o\000u\000n\000d\000a\000t\000i\000o\000n\000s}{}% 6
\BOOKMARK [1][-]{section.2}{\376\377\000C\000o\000s\000t\000\040\000o\000f\000\040\000I\000n\000d\000i\000v\000i\000d\000u\000a\000t\000i\000o\000n}{part.2}% 7
\BOOKMARK [2][-]{subsection.2.1}{\376\377\000E\000x\000i\000s\000t\000e\000n\000c\000e\000\040\000b\000y\000\040\000d\000i\000s\000t\000i\000n\000c\000t\000i\000o\000n}{section.2}% 8
\BOOKMARK [2][-]{subsection.2.2}{\376\377\000T\000h\000e\000\040\000b\000o\000u\000n\000d\000a\000r\000y\000\040\000h\000a\000s\000\040\000t\000h\000i\000c\000k\000n\000e\000s\000s}{section.2}% 9
\BOOKMARK [2][-]{subsection.2.3}{\376\377\000C\000o\000n\000t\000a\000c\000t}{section.2}% 10
\BOOKMARK [2][-]{subsection.2.4}{\376\377\000W\000h\000a\000t\000\040\000t\000h\000e\000\040\000f\000i\000r\000s\000t\000\040\000p\000r\000i\000m\000i\000t\000i\000v\000e\000\040\000g\000i\000v\000e\000s\000,\000\040\000a\000n\000d\000\040\000w\000h\000a\000t\000\040\000i\000t\000\040\000d\000o\000e\000s\000\040\000n\000o\000t}{section.2}% 11
\BOOKMARK [1][-]{section.3}{\376\377\000C\000a\000t\000e\000g\000o\000r\000y\000:\000\040\000T\000h\000e\000\040\000U\000n\000i\000t\000\040\000o\000f\000\040\000a\000\040\000S\000t\000e\000p}{part.2}% 12
\BOOKMARK [2][-]{subsection.3.1}{\376\377\000T\000h\000e\000\040\000r\000e\000q\000u\000i\000r\000e\000m\000e\000n\000t}{section.3}% 13
\BOOKMARK [2][-]{subsection.3.2}{\376\377\000C\000a\000t\000e\000g\000o\000r\000i\000c\000a\000l\000\040\000e\000n\000t\000r\000o\000p\000y}{section.3}% 14
\BOOKMARK [2][-]{subsection.3.3}{\376\377\000T\000h\000e\000\040\000p\000r\000o\000p\000e\000r\000t\000y\000\040\000t\000h\000a\000t\000\040\000m\000a\000k\000e\000s\000\040\000c\000a\000t\000a\000l\000y\000s\000i\000s\000\040\000p\000o\000s\000s\000i\000b\000l\000e}{section.3}% 15
\BOOKMARK [2][-]{subsection.3.4}{\376\377\000R\000e\000s\000t\000:\000\040\000t\000h\000e\000\040\000l\000i\000m\000i\000t\000i\000n\000g\000\040\000c\000a\000s\000e}{section.3}% 16
\BOOKMARK [2][-]{subsection.3.5}{\376\377\000I\000n\000d\000e\000p\000e\000n\000d\000e\000n\000c\000e\000\040\000o\000f\000\040\000t\000h\000e\000\040\000t\000w\000o\000\040\000p\000r\000i\000m\000i\000t\000i\000v\000e\000s}{section.3}% 17
\BOOKMARK [1][-]{section.4}{\376\377\000A\000n\000\040\000A\000b\000s\000t\000r\000a\000c\000t\000\040\000S\000y\000s\000t\000e\000m\000\040\000W\000i\000t\000h\000\040\000t\000h\000e\000\040\000S\000a\000m\000e\000\040\000M\000e\000c\000h\000a\000n\000i\000c\000s}{part.2}% 18
\BOOKMARK [2][-]{subsection.4.1}{\376\377\000T\000h\000e\000\040\000s\000y\000s\000t\000e\000m}{section.4}% 19
\BOOKMARK [0][-]{part.3}{\376\377\000I\000I\000I\000\040\000C\000a\000t\000a\000l\000y\000s\000i\000s}{}% 20
\BOOKMARK [1][-]{section.5}{\376\377\000T\000h\000e\000\040\000D\000e\000f\000i\000n\000i\000t\000i\000o\000n}{part.3}% 21
\BOOKMARK [1][-]{section.6}{\376\377\000I\000m\000m\000e\000d\000i\000a\000t\000e\000\040\000C\000o\000n\000s\000e\000q\000u\000e\000n\000c\000e\000s}{part.3}% 22
\BOOKMARK [2][-]{subsection.6.1}{\376\377\000T\000h\000e\000\040\000c\000a\000t\000a\000l\000y\000s\000t\000\040\000i\000s\000\040\000n\000o\000t\000\040\000c\000o\000n\000s\000u\000m\000e\000d}{section.6}% 23
\BOOKMARK [2][-]{subsection.6.2}{\376\377\000E\000q\000u\000i\000l\000i\000b\000r\000i\000u\000m\000\040\000i\000s\000\040\000u\000n\000a\000l\000t\000e\000r\000e\000d}{section.6}% 24
\BOOKMARK [2][-]{subsection.6.3}{\376\377\000R\000a\000t\000e}{section.6}% 25
\BOOKMARK [1][-]{section.7}{\376\377\000S\000p\000e\000c\000i\000f\000i\000c\000i\000t\000y\000\040\000I\000s\000\040\000B\000o\000u\000n\000d\000e\000d\000\040\000o\000n\000\040\000B\000o\000t\000h\000\040\000S\000i\000d\000e\000s}{part.3}% 26
\BOOKMARK [1][-]{section.8}{\376\377\000I\000n\000h\000i\000b\000i\000t\000i\000o\000n\000\040\000I\000s\000\040\000t\000h\000e\000\040\000F\000a\000i\000l\000u\000r\000e\000\040\000o\000f\000\040\000t\000h\000e\000\040\000T\000w\000o\000\040\000R\000e\000q\000u\000i\000r\000e\000m\000e\000n\000t\000s}{part.3}% 27
\BOOKMARK [1][-]{section.9}{\376\377\000C\000a\000t\000a\000l\000y\000s\000i\000s\000\040\000I\000s\000\040\000N\000o\000t\000\040\000a\000\040\000D\000e\000m\000o\000n}{part.3}% 28
\BOOKMARK [0][-]{part.4}{\376\377\000I\000V\000\040\000P\000r\000e\000d\000i\000c\000t\000i\000o\000n\000s\000\040\000a\000n\000d\000\040\000V\000a\000l\000i\000d\000a\000t\000i\000o\000n}{}% 29
\BOOKMARK [1][-]{section.10}{\376\377\000F\000a\000l\000s\000i\000f\000i\000a\000b\000l\000e\000\040\000P\000r\000e\000d\000i\000c\000t\000i\000o\000n\000s}{part.4}% 30
\BOOKMARK [1][-]{section.11}{\376\377\000C\000o\000m\000p\000u\000t\000a\000t\000i\000o\000n\000a\000l\000\040\000P\000r\000o\000t\000o\000c\000o\000l}{part.4}% 31
\BOOKMARK [1][-]{section.12}{\376\377\000R\000e\000s\000u\000l\000t\000s}{part.4}% 32
\BOOKMARK [2][-]{subsection.12.1}{\376\377\000T\000h\000e\000\040\000t\000w\000o\000\040\000p\000r\000i\000m\000i\000t\000i\000v\000e\000s\000\040\000a\000r\000e\000\040\000i\000n\000d\000e\000p\000e\000n\000d\000e\000n\000t}{section.12}% 33
\BOOKMARK [2][-]{subsection.12.2}{\376\377\000T\000h\000e\000\040\000f\000l\000o\000o\000r\000,\000\040\000a\000n\000d\000\040\000t\000h\000e\000\040\000h\000y\000p\000o\000t\000h\000e\000s\000i\000s\000\040\000i\000t\000\040\000r\000e\000q\000u\000i\000r\000e\000s}{section.12}% 34
\BOOKMARK [2][-]{subsection.12.3}{\376\377\000O\000r\000t\000h\000o\000g\000o\000n\000a\000l\000i\000t\000y}{section.12}% 35
\BOOKMARK [2][-]{subsection.12.4}{\376\377\000E\000q\000u\000i\000l\000i\000b\000r\000i\000u\000m\000\040\000i\000n\000v\000a\000r\000i\000a\000n\000c\000e\000\040\000a\000n\000d\000\040\000t\000h\000e\000\040\000H\000a\000l\000d\000a\000n\000e\000\040\000r\000e\000l\000a\000t\000i\000o\000n}{section.12}% 36
\BOOKMARK [2][-]{subsection.12.5}{\376\377\000T\000h\000e\000\040\000s\000p\000e\000c\000i\000f\000i\000c\000i\000t\000y\000\040\000w\000i\000n\000d\000o\000w}{section.12}% 37
\BOOKMARK [2][-]{subsection.12.6}{\376\377\000A\000p\000e\000r\000t\000u\000r\000e\000\040\000c\000o\000u\000n\000t\000i\000n\000g\000,\000\040\000a\000n\000d\000\040\000t\000h\000e\000\040\000e\000x\000c\000l\000u\000s\000i\000o\000n\000\040\000o\000f\000\040\000t\000h\000e\000\040\000r\000e\000c\000i\000p\000r\000o\000c\000a\000l\000\040\000l\000a\000w}{section.12}% 38
\BOOKMARK [2][-]{subsection.12.7}{\376\377\000T\000h\000e\000\040\000i\000n\000h\000i\000b\000i\000t\000i\000o\000n\000\040\000d\000i\000c\000h\000o\000t\000o\000m\000y}{section.12}% 39
\BOOKMARK [2][-]{subsection.12.8}{\376\377\000A\000\040\000n\000e\000g\000a\000t\000i\000v\000e\000\040\000r\000e\000s\000u\000l\000t\000,\000\040\000r\000e\000p\000o\000r\000t\000e\000d}{section.12}% 40
\BOOKMARK [0][-]{part.5}{\376\377\000V\000\040\000O\000r\000i\000g\000i\000n\000s}{}% 41
\BOOKMARK [1][-]{section.13}{\376\377\000T\000h\000e\000\040\000R\000e\000g\000r\000e\000s\000s\000\040\000a\000n\000d\000\040\000I\000t\000s\000\040\000R\000e\000s\000o\000l\000u\000t\000i\000o\000n}{part.5}% 42
\BOOKMARK [2][-]{subsection.13.1}{\376\377\000T\000h\000e\000\040\000r\000e\000g\000r\000e\000s\000s}{section.13}% 43
\BOOKMARK [2][-]{subsection.13.2}{\376\377\000T\000h\000e\000\040\000r\000e\000s\000o\000l\000u\000t\000i\000o\000n}{section.13}% 44
\BOOKMARK [2][-]{subsection.13.3}{\376\377\000M\000e\000m\000b\000r\000a\000n\000e\000s}{section.13}% 45
\BOOKMARK [2][-]{subsection.13.4}{\376\377\000P\000r\000o\000t\000e\000i\000n\000s\000\040\000a\000s\000\040\000a\000\040\000l\000a\000t\000e\000r\000\040\000i\000m\000p\000l\000e\000m\000e\000n\000t\000a\000t\000i\000o\000n}{section.13}% 46
\BOOKMARK [0][-]{part.6}{\376\377\000V\000I\000\040\000D\000i\000s\000c\000u\000s\000s\000i\000o\000n}{}% 47
\BOOKMARK [1][-]{section.14}{\376\377\000R\000e\000l\000a\000t\000i\000o\000n\000\040\000t\000o\000\040\000E\000x\000i\000s\000t\000i\000n\000g\000\040\000A\000c\000c\000o\000u\000n\000t\000s}{part.6}% 48
\BOOKMARK [1][-]{section.15}{\376\377\000L\000i\000m\000i\000t\000a\000t\000i\000o\000n\000s}{part.6}% 49
\BOOKMARK [1][-]{section.16}{\376\377\000W\000h\000a\000t\000\040\000t\000h\000e\000\040\000R\000e\000s\000u\000l\000t\000s\000\040\000E\000s\000t\000a\000b\000l\000i\000s\000h}{part.6}% 50
\BOOKMARK [2][-]{subsection.16.1}{\376\377\000N\000o\000n\000-\000c\000o\000n\000s\000u\000m\000p\000t\000i\000o\000n\000\040\000i\000s\000\040\000i\000n\000d\000e\000p\000e\000n\000d\000e\000n\000t\000l\000y\000\040\000e\000n\000c\000o\000d\000e\000d}{section.16}% 51
\BOOKMARK [2][-]{subsection.16.2}{\376\377\000T\000h\000e\000\040\000r\000e\000c\000i\000p\000r\000o\000c\000a\000l\000\040\000l\000a\000w\000\040\000i\000s\000\040\000e\000x\000c\000l\000u\000d\000e\000d\000\040\000w\000i\000t\000h\000o\000u\000t\000\040\000r\000e\000f\000e\000r\000e\000n\000c\000e\000\040\000t\000o\000\040\000f\000i\000t}{section.16}% 52
\BOOKMARK [2][-]{subsection.16.3}{\376\377\000T\000h\000e\000\040\000i\000n\000h\000i\000b\000i\000t\000i\000o\000n\000\040\000d\000i\000c\000h\000o\000t\000o\000m\000y\000\040\000i\000s\000\040\000a\000\040\000j\000o\000i\000n\000t\000\040\000c\000o\000n\000s\000t\000r\000a\000i\000n\000t\000,\000\040\000n\000o\000t\000\040\000a\000\040\000d\000e\000f\000i\000n\000i\000t\000i\000o\000n}{section.16}% 53
\BOOKMARK [2][-]{subsection.16.4}{\376\377\000O\000n\000e\000\040\000c\000l\000a\000i\000m\000\040\000i\000s\000\040\000w\000e\000a\000k\000e\000r\000\040\000t\000h\000a\000n\000\040\000w\000e\000\040\000f\000i\000r\000s\000t\000\040\000s\000t\000a\000t\000e\000d\000\040\000i\000t}{section.16}% 54
\BOOKMARK [1][-]{section.17}{\376\377\000C\000o\000n\000c\000l\000u\000s\000i\000o\000n}{part.6}% 55
\BOOKMARK [1][-]{section*.13}{\376\377\000D\000a\000t\000a\000\040\000a\000n\000d\000\040\000C\000o\000d\000e\000\040\000A\000v\000a\000i\000l\000a\000b\000i\000l\000i\000t\000y}{part.6}% 56
