\BOOKMARK [0][-]{part.1}{\376\377\000I\000\040\000F\000o\000u\000n\000d\000a\000t\000i\000o\000n\000s}{}% 1
\BOOKMARK [1][-]{section.1}{\376\377\000I\000n\000t\000r\000o\000d\000u\000c\000t\000i\000o\000n}{part.1}% 2
\BOOKMARK [2][-]{subsection.1.1}{\376\377\000T\000w\000o\000\040\000P\000r\000o\000b\000l\000e\000m\000s\000,\000\040\000O\000n\000e\000\040\000O\000b\000j\000e\000c\000t}{section.1}% 3
\BOOKMARK [2][-]{subsection.1.2}{\376\377\000T\000h\000e\000\040\000U\000n\000i\000f\000i\000e\000d\000\040\000T\000h\000e\000s\000i\000s}{section.1}% 4
\BOOKMARK [2][-]{subsection.1.3}{\376\377\000P\000a\000p\000e\000r\000\040\000S\000t\000r\000u\000c\000t\000u\000r\000e}{section.1}% 5
\BOOKMARK [1][-]{section.2}{\376\377\000T\000h\000e\000\040\000R\000e\000c\000e\000i\000v\000e\000r\000,\000\040\000t\000h\000e\000\040\000E\000m\000p\000t\000y\000\040\000D\000i\000c\000t\000i\000o\000n\000a\000r\000y\000,\000\040\000a\000n\000d\000\040\000t\000h\000e\000\040\000F\000a\000m\000i\000l\000y\000\040\000S\000-\000E\000x\000p\000r\000e\000s\000s\000i\000o\000n}{part.1}% 6
\BOOKMARK [2][-]{subsection.2.1}{\376\377\000R\000e\000c\000a\000p\000:\000\040\000R\000b\000i\000o\000\040\000a\000n\000d\000\040\000t\000h\000e\000\040\000M\000o\000r\000p\000h\000i\000s\000m\000\040\000C\000h\000a\000i\000n}{section.2}% 7
\BOOKMARK [2][-]{subsection.2.2}{\376\377\000T\000h\000e\000\040\000E\000m\000p\000t\000y\000\040\000D\000i\000c\000t\000i\000o\000n\000a\000r\000y\000\040\000P\000r\000i\000n\000c\000i\000p\000l\000e\000\040\000f\000o\000r\000\040\000P\0004\0005\0000\000\040\000S\000e\000q\000u\000e\000n\000c\000e\000s}{section.2}% 8
\BOOKMARK [0][-]{part.2}{\376\377\000I\000I\000\040\000T\000h\000e\000\040\000A\000d\000d\000r\000e\000s\000s\000\040\000M\000a\000n\000i\000f\000o\000l\000d}{}% 9
\BOOKMARK [1][-]{section.3}{\376\377\000T\000h\000e\000\040\000P\0004\0005\0000\000\040\000A\000d\000d\000r\000e\000s\000s\000\040\000M\000a\000n\000i\000f\000o\000l\000d\000\040\000i\000n\000\040\000S}{part.2}% 10
\BOOKMARK [2][-]{subsection.3.1}{\376\377\000D\000e\000f\000i\000n\000i\000t\000i\000o\000n\000\040\000o\000f\000\040\000t\000h\000e\000\040\000M\000a\000n\000i\000f\000o\000l\000d}{section.3}% 11
\BOOKMARK [2][-]{subsection.3.2}{\376\377\000C\000o\000m\000p\000a\000c\000t\000n\000e\000s\000s\000,\000\040\000D\000e\000n\000s\000i\000t\000y\000,\000\040\000a\000n\000d\000\040\000C\000o\000v\000e\000r\000a\000g\000e}{section.3}% 12
\BOOKMARK [2][-]{subsection.3.3}{\376\377\000H\000i\000e\000r\000a\000r\000c\000h\000i\000c\000a\000l\000\040\000C\000e\000l\000l\000\040\000S\000t\000r\000u\000c\000t\000u\000r\000e}{section.3}% 13
\BOOKMARK [1][-]{section.4}{\376\377\000F\000a\000m\000i\000l\000y\000\040\000C\000l\000u\000s\000t\000e\000r\000i\000n\000g\000\040\000a\000t\000\040\000D\000e\000p\000t\000h\000\040\000k\000\040\000=\000\040\0003}{part.2}% 14
\BOOKMARK [2][-]{subsection.4.1}{\376\377\000T\000h\000e\000\040\000N\000e\000l\000s\000o\000n\000\040\000N\000o\000m\000e\000n\000c\000l\000a\000t\000u\000r\000e\000\040\000a\000s\000\040\000D\000e\000p\000t\000h\000-\0003\000\040\000T\000r\000u\000n\000c\000a\000t\000i\000o\000n}{section.4}% 15
\BOOKMARK [2][-]{subsection.4.2}{\376\377\000V\000a\000l\000i\000d\000a\000t\000i\000o\000n\000\040\000P\000r\000o\000t\000o\000c\000o\000l}{section.4}% 16
\BOOKMARK [1][-]{section.5}{\376\377\000H\000u\000m\000a\000n\000\040\000I\000s\000o\000f\000o\000r\000m\000\040\000S\000e\000p\000a\000r\000a\000t\000i\000o\000n\000\040\000a\000t\000\040\000D\000e\000p\000t\000h\000\040\000k\000\040\000=\000\040\0006}{part.2}% 17
\BOOKMARK [2][-]{subsection.5.1}{\376\377\000T\000h\000e\000\040\0005\0007\000\040\000H\000u\000m\000a\000n\000\040\000I\000s\000o\000f\000o\000r\000m\000s}{section.5}% 18
\BOOKMARK [2][-]{subsection.5.2}{\376\377\000I\000s\000o\000f\000o\000r\000m\000s\000\040\000w\000i\000t\000h\000\040\000C\000o\000m\000p\000a\000c\000t\000\040\000S\000e\000q\000u\000e\000n\000c\000e\000\040\000I\000d\000e\000n\000t\000i\000t\000y}{section.5}% 19
\BOOKMARK [1][-]{section.6}{\376\377\000A\000l\000l\000e\000l\000i\000c\000\040\000V\000a\000r\000i\000a\000n\000t\000\040\000R\000e\000s\000o\000l\000u\000t\000i\000o\000n\000\040\000a\000t\000\040\000D\000e\000p\000t\000h\000\040\000k\000\040\000=\000\040\0009}{part.2}% 20
\BOOKMARK [2][-]{subsection.6.1}{\376\377\000C\000Y\000P\0002\000D\0006\000:\000\040\000A\000\040\000P\000o\000l\000y\000m\000o\000r\000p\000h\000i\000s\000m\000\040\000C\000a\000s\000e\000\040\000S\000t\000u\000d\000y}{section.6}% 21
\BOOKMARK [2][-]{subsection.6.2}{\376\377\000P\000h\000a\000r\000m\000a\000c\000o\000g\000e\000n\000o\000m\000i\000c\000\040\000I\000m\000p\000l\000i\000c\000a\000t\000i\000o\000n\000s}{section.6}% 22
\BOOKMARK [0][-]{part.3}{\376\377\000I\000I\000I\000\040\000F\000r\000o\000m\000\040\000A\000d\000d\000r\000e\000s\000s\000\040\000t\000o\000\040\000S\000t\000r\000u\000c\000t\000u\000r\000e\000:\000\040\000C\000Y\000P\0003\000A\0004}{}% 23
\BOOKMARK [1][-]{section.7}{\376\377\000T\000h\000e\000\040\000C\000Y\000P\0003\000A\0004\000\040\000A\000d\000d\000r\000e\000s\000s}{part.3}% 24
\BOOKMARK [2][-]{subsection.7.1}{\376\377\000S\000e\000q\000u\000e\000n\000c\000e\000\040\000I\000n\000p\000u\000t}{section.7}% 25
\BOOKMARK [2][-]{subsection.7.2}{\376\377\000H\000i\000e\000r\000a\000r\000c\000h\000i\000c\000a\000l\000\040\000C\000o\000m\000p\000r\000e\000s\000s\000i\000o\000n}{section.7}% 26
\BOOKMARK [2][-]{subsection.7.3}{\376\377\000T\000h\000e\000\040\000I\000-\000H\000e\000l\000i\000x\000\040\000a\000s\000\040\000a\000\040\000S\000t\000r\000u\000c\000t\000u\000r\000a\000l\000\040\000L\000a\000n\000d\000m\000a\000r\000k}{section.7}% 27
\BOOKMARK [1][-]{section.8}{\376\377\000F\000o\000l\000d\000i\000n\000g\000\040\000v\000i\000a\000\040\000P\000a\000r\000t\000i\000t\000i\000o\000n\000-\000C\000a\000l\000c\000u\000l\000u\000s\000\040\000K\000u\000r\000a\000m\000o\000t\000o}{part.3}% 28
\BOOKMARK [2][-]{subsection.8.1}{\376\377\000T\000h\000e\000\040\000K\000u\000r\000a\000m\000o\000t\000o\000\040\000R\000e\000c\000e\000i\000v\000e\000r\000\040\000T\000r\000e\000e}{section.8}% 29
\BOOKMARK [2][-]{subsection.8.2}{\376\377\000T\000h\000e\000\040\000H\000e\000m\000e\000\040\000C\000o\000u\000p\000l\000i\000n\000g}{section.8}% 30
\BOOKMARK [2][-]{subsection.8.3}{\376\377\000F\000o\000l\000d\000i\000n\000g\000\040\000T\000r\000a\000j\000e\000c\000t\000o\000r\000y}{section.8}% 31
\BOOKMARK [1][-]{section.9}{\376\377\000V\000a\000l\000i\000d\000a\000t\000i\000o\000n\000\040\000a\000g\000a\000i\000n\000s\000t\000\040\000P\000D\000B\000\040\0001\000T\000Q\000N}{part.3}% 32
\BOOKMARK [2][-]{subsection.9.1}{\376\377\000V\000a\000l\000i\000d\000a\000t\000i\000o\000n\000\040\000P\000r\000o\000t\000o\000c\000o\000l}{section.9}% 33
\BOOKMARK [2][-]{subsection.9.2}{\376\377\000P\000r\000e\000d\000i\000c\000t\000e\000d\000\040\000R\000e\000s\000u\000l\000t\000s}{section.9}% 34
\BOOKMARK [2][-]{subsection.9.3}{\376\377\000C\000o\000m\000p\000a\000r\000i\000s\000o\000n\000\040\000A\000g\000a\000i\000n\000s\000t\000\040\000O\000t\000h\000e\000r\000\040\000M\000e\000t\000h\000o\000d\000s}{section.9}% 35
\BOOKMARK [2][-]{subsection.9.4}{\376\377\000F\000o\000l\000d\000i\000n\000g\000\040\000K\000i\000n\000e\000t\000i\000c\000s}{section.9}% 36
\BOOKMARK [0][-]{part.4}{\376\377\000I\000V\000\040\000S\000y\000n\000t\000h\000e\000s\000i\000s}{}% 37
\BOOKMARK [1][-]{section.10}{\376\377\000T\000h\000e\000\040\000A\000d\000d\000r\000e\000s\000s\000\040\000I\000s\000\040\000t\000h\000e\000\040\000P\000r\000o\000t\000e\000i\000n}{part.4}% 38
\BOOKMARK [2][-]{subsection.10.1}{\376\377\000F\000o\000u\000r\000\040\000T\000r\000u\000n\000c\000a\000t\000i\000o\000n\000s\000,\000\040\000O\000n\000e\000\040\000E\000v\000a\000l\000u\000a\000t\000i\000o\000n}{section.10}% 39
\BOOKMARK [2][-]{subsection.10.2}{\376\377\000I\000m\000p\000l\000i\000c\000a\000t\000i\000o\000n\000s\000\040\000f\000o\000r\000\040\000B\000i\000o\000i\000n\000f\000o\000r\000m\000a\000t\000i\000c\000s\000\040\000W\000o\000r\000k\000f\000l\000o\000w}{section.10}% 40
\BOOKMARK [2][-]{subsection.10.3}{\376\377\000T\000h\000e\000\040\000A\000l\000l\000e\000l\000i\000c\000\040\000V\000a\000r\000i\000a\000t\000i\000o\000n\000\040\000A\000r\000g\000u\000m\000e\000n\000t}{section.10}% 41
\BOOKMARK [0][-]{part.5}{\376\377\000V\000\040\000D\000i\000s\000c\000u\000s\000s\000i\000o\000n\000\040\000a\000n\000d\000\040\000C\000o\000n\000c\000l\000u\000s\000i\000o\000n}{}% 42
\BOOKMARK [1][-]{section.11}{\376\377\000L\000i\000m\000i\000t\000a\000t\000i\000o\000n\000s\000\040\000a\000n\000d\000\040\000F\000u\000t\000u\000r\000e\000\040\000W\000o\000r\000k}{part.5}% 43
\BOOKMARK [2][-]{subsection.11.1}{\376\377\000A\000c\000k\000n\000o\000w\000l\000e\000d\000g\000e\000d\000\040\000L\000i\000m\000i\000t\000a\000t\000i\000o\000n\000s}{section.11}% 44
\BOOKMARK [2][-]{subsection.11.2}{\376\377\000F\000u\000t\000u\000r\000e\000\040\000W\000o\000r\000k}{section.11}% 45
\BOOKMARK [1][-]{section.12}{\376\377\000C\000o\000n\000c\000l\000u\000s\000i\000o\000n}{part.5}% 46
