\BOOKMARK [0][-]{part.1}{\376\377\000I\000\040\000F\000o\000u\000n\000d\000a\000t\000i\000o\000n\000s}{}% 1
\BOOKMARK [1][-]{section.1}{\376\377\000I\000n\000t\000r\000o\000d\000u\000c\000t\000i\000o\000n}{part.1}% 2
\BOOKMARK [2][-]{subsection.1.1}{\376\377\000T\000h\000e\000\040\000C\040\023\000H\000\040\000A\000c\000t\000i\000v\000a\000t\000i\000o\000n\000\040\000P\000r\000o\000b\000l\000e\000m}{section.1}% 3
\BOOKMARK [2][-]{subsection.1.2}{\376\377\000W\000h\000a\000t\000\040\000T\000h\000i\000s\000\040\000P\000a\000p\000e\000r\000\040\000D\000o\000e\000s}{section.1}% 4
\BOOKMARK [2][-]{subsection.1.3}{\376\377\000P\000a\000p\000e\000r\000\040\000S\000t\000r\000u\000c\000t\000u\000r\000e}{section.1}% 5
\BOOKMARK [1][-]{section.2}{\376\377\000F\000o\000u\000n\000d\000a\000t\000i\000o\000n\000s\000:\000\040\000B\000o\000n\000d\000-\000O\000r\000d\000e\000r\000\040\000C\000o\000o\000r\000d\000i\000n\000a\000t\000e\000s\000\040\000a\000n\000d\000\040\000T\000h\000r\000e\000e\000-\000B\000o\000d\000y\000\040\000T\000r\000a\000j\000e\000c\000t\000o\000r\000i\000e\000s}{part.1}% 6
\BOOKMARK [2][-]{subsection.2.1}{\376\377\000R\000e\000c\000a\000p}{section.2}% 7
\BOOKMARK [2][-]{subsection.2.2}{\376\377\000T\000h\000e\000\040\000C\040\023\000H\000\040\000B\000o\000n\000d\000-\000O\000r\000d\000e\000r\000\040\000P\000a\000r\000t\000i\000t\000i\000o\000n\000\040\000C\000o\000o\000r\000d\000i\000n\000a\000t\000e}{section.2}% 8
\BOOKMARK [2][-]{subsection.2.3}{\376\377\000T\000h\000e\000\040\000T\000h\000r\000e\000e\000-\000B\000o\000d\000y\000\040\000A\000p\000e\000r\000t\000u\000r\000e\000\040\000S\000e\000l\000e\000c\000t\000i\000o\000n\000\040\000R\000u\000l\000e}{section.2}% 9
\BOOKMARK [0][-]{part.2}{\376\377\000I\000I\000\040\000H\000-\000A\000t\000o\000m\000\040\000T\000r\000a\000n\000s\000f\000e\000r\000\040\000\050\000H\000A\000T\000\051}{}% 10
\BOOKMARK [1][-]{section.3}{\376\377\000T\000h\000e\000\040\000C\040\023\000H\000\040\000B\000o\000n\000d\000-\000O\000r\000d\000e\000r\000\040\000P\000a\000r\000t\000i\000t\000i\000o\000n\000\040\000T\000r\000a\000j\000e\000c\000t\000o\000r\000y}{part.2}% 11
\BOOKMARK [2][-]{subsection.3.1}{\376\377\000T\000h\000r\000e\000e\000-\000B\000o\000d\000y\000\040\000T\000r\000a\000j\000e\000c\000t\000o\000r\000y\000\040\000D\000e\000f\000i\000n\000i\000t\000i\000o\000n}{section.3}% 12
\BOOKMARK [1][-]{section.4}{\376\377\000T\000h\000e\000\040\000H\000A\000T\000\040\000A\000p\000e\000r\000t\000u\000r\000e\000:\000\040\000C\000o\000n\000c\000e\000r\000t\000e\000d\000\040\000T\000h\000r\000e\000e\000-\000B\000o\000d\000y\000\040\000E\000v\000e\000n\000t}{part.2}% 13
\BOOKMARK [2][-]{subsection.4.1}{\376\377\000S\000i\000n\000g\000l\000e\000-\000A\000p\000e\000r\000t\000u\000r\000e\000\040\000C\000h\000a\000r\000a\000c\000t\000e\000r}{section.4}% 14
\BOOKMARK [2][-]{subsection.4.2}{\376\377\000H\000A\000T\000\040\000R\000a\000t\000e}{section.4}% 15
\BOOKMARK [1][-]{section.5}{\376\377\000K\000i\000n\000e\000t\000i\000c\000\040\000I\000s\000o\000t\000o\000p\000e\000\040\000E\000f\000f\000e\000c\000t}{part.2}% 16
\BOOKMARK [2][-]{subsection.5.1}{\376\377\000Z\000P\000E\000-\000B\000a\000s\000e\000d\000\040\000K\000I\000E\000\040\000F\000o\000r\000m\000u\000l\000a}{section.5}% 17
\BOOKMARK [2][-]{subsection.5.2}{\376\377\000N\000u\000m\000e\000r\000i\000c\000a\000l\000\040\000E\000v\000a\000l\000u\000a\000t\000i\000o\000n}{section.5}% 18
\BOOKMARK [0][-]{part.3}{\376\377\000I\000I\000I\000\040\000T\000h\000e\000\040\000S\000u\000b\000s\000t\000r\000a\000t\000e\000-\000R\000a\000d\000i\000c\000a\000l\000\040\000I\000n\000t\000e\000r\000m\000e\000d\000i\000a\000t\000e}{}% 19
\BOOKMARK [1][-]{section.6}{\376\377\000T\000h\000e\000\040\000S\000u\000b\000s\000t\000r\000a\000t\000e\000-\000R\000a\000d\000i\000c\000a\000l\000\040\000S\000t\000a\000t\000e}{part.3}% 20
\BOOKMARK [2][-]{subsection.6.1}{\376\377\000E\000l\000e\000c\000t\000r\000o\000n\000i\000c\000\040\000S\000t\000r\000u\000c\000t\000u\000r\000e\000\040\000o\000f\000\040\000t\000h\000e\000\040\000R\000a\000d\000i\000c\000a\000l}{section.6}% 21
\BOOKMARK [2][-]{subsection.6.2}{\376\377\000R\000a\000d\000i\000c\000a\000l\000\040\000I\000n\000t\000e\000r\000m\000e\000d\000i\000a\000t\000e\000\040\000L\000i\000f\000e\000t\000i\000m\000e}{section.6}% 22
\BOOKMARK [0][-]{part.4}{\376\377\000I\000V\000\040\000O\000x\000y\000g\000e\000n\000\040\000R\000e\000b\000o\000u\000n\000d}{}% 23
\BOOKMARK [1][-]{section.7}{\376\377\000T\000h\000e\000\040\000O\000x\000y\000g\000e\000n\000-\000R\000e\000b\000o\000u\000n\000d\000\040\000A\000p\000e\000r\000t\000u\000r\000e}{part.4}% 24
\BOOKMARK [2][-]{subsection.7.1}{\376\377\000R\000e\000b\000o\000u\000n\000d\000\040\000a\000s\000\040\000a\000\040\000S\000e\000c\000o\000n\000d\000\040\000d\000C\000=\000\040\0001\000\040\000E\000v\000e\000n\000t}{section.7}% 25
\BOOKMARK [2][-]{subsection.7.2}{\376\377\000R\000e\000b\000o\000u\000n\000d\000\040\000R\000a\000t\000e}{section.7}% 26
\BOOKMARK [0][-]{part.5}{\376\377\000V\000\040\000V\000a\000l\000i\000d\000a\000t\000i\000o\000n\000:\000\040\000K\000I\000E\000,\000\040\000R\000e\000g\000i\000o\000s\000e\000l\000e\000c\000t\000i\000v\000i\000t\000y\000,\000\040\000a\000n\000d\000\040\000R\000e\000a\000c\000t\000i\000o\000n\000\040\000T\000y\000p\000e\000s}{}% 27
\BOOKMARK [1][-]{section.8}{\376\377\000V\000a\000l\000i\000d\000a\000t\000i\000o\000n}{part.5}% 28
\BOOKMARK [2][-]{subsection.8.1}{\376\377\000R\000e\000g\000i\000o\000s\000e\000l\000e\000c\000t\000i\000v\000i\000t\000y\000:\000\040\000T\000e\000s\000t\000o\000s\000t\000e\000r\000o\000n\000e\000\040\0006\000-\000H\000y\000d\000r\000o\000x\000y\000l\000a\000t\000i\000o\000n\000\040\000b\000y\000\040\000C\000Y\000P\0003\000A\0004}{section.8}% 29
\BOOKMARK [2][-]{subsection.8.2}{\376\377\000F\000i\000v\000e\000\040\000R\000e\000a\000c\000t\000i\000o\000n\000\040\000T\000y\000p\000e\000s\000\040\000U\000n\000d\000e\000r\000\040\000O\000n\000e\000\040\000F\000r\000a\000m\000e\000w\000o\000r\000k}{section.8}% 30
\BOOKMARK [2][-]{subsection.8.3}{\376\377\000S\000u\000m\000m\000a\000r\000y\000\040\000V\000a\000l\000i\000d\000a\000t\000i\000o\000n\000\040\000T\000a\000b\000l\000e}{section.8}% 31
\BOOKMARK [0][-]{part.6}{\376\377\000V\000I\000\040\000F\000a\000l\000s\000i\000f\000i\000a\000b\000l\000e\000\040\000P\000r\000e\000d\000i\000c\000t\000i\000o\000n\000s\000,\000\040\000L\000i\000m\000i\000t\000a\000t\000i\000o\000n\000s\000,\000\040\000a\000n\000d\000\040\000C\000o\000n\000c\000l\000u\000s\000i\000o\000n}{}% 32
\BOOKMARK [1][-]{section.9}{\376\377\000F\000a\000l\000s\000i\000f\000i\000a\000b\000l\000e\000\040\000P\000r\000e\000d\000i\000c\000t\000i\000o\000n\000s}{part.6}% 33
\BOOKMARK [1][-]{section.10}{\376\377\000L\000i\000m\000i\000t\000a\000t\000i\000o\000n\000s\000\040\000a\000n\000d\000\040\000F\000u\000t\000u\000r\000e\000\040\000W\000o\000r\000k}{part.6}% 34
\BOOKMARK [1][-]{section.11}{\376\377\000C\000o\000n\000c\000l\000u\000s\000i\000o\000n}{part.6}% 35
