\BOOKMARK [0][-]{part.1}{\376\377\000I\000\040\000T\000h\000e\000\040\000C\000l\000a\000i\000m}{}% 1
\BOOKMARK [1][-]{section.1}{\376\377\000I\000n\000t\000r\000o\000d\000u\000c\000t\000i\000o\000n}{part.1}% 2
\BOOKMARK [2][-]{subsection.1.1}{\376\377\000W\000h\000a\000t\000\040\000a\000\040\000p\000r\000o\000c\000e\000s\000s\000\040\000d\000e\000s\000c\000r\000i\000p\000t\000i\000o\000n\000\040\000c\000o\000n\000t\000a\000i\000n\000s}{section.1}% 3
\BOOKMARK [2][-]{subsection.1.2}{\376\377\000W\000h\000y\000\040\000o\000n\000e\000\040\000w\000o\000u\000l\000d\000\040\000w\000a\000n\000t\000\040\000t\000h\000i\000s}{section.1}% 4
\BOOKMARK [2][-]{subsection.1.3}{\376\377\000W\000h\000a\000t\000\040\000h\000a\000s\000\040\000t\000o\000\040\000b\000e\000\040\000d\000e\000r\000i\000v\000e\000d}{section.1}% 5
\BOOKMARK [2][-]{subsection.1.4}{\376\377\000O\000r\000g\000a\000n\000i\000s\000a\000t\000i\000o\000n}{section.1}% 6
\BOOKMARK [0][-]{part.2}{\376\377\000I\000I\000\040\000S\000u\000b\000s\000t\000r\000a\000t\000e}{}% 7
\BOOKMARK [1][-]{section.2}{\376\377\000T\000h\000e\000\040\000F\000l\000o\000o\000r}{part.2}% 8
\BOOKMARK [2][-]{subsection.2.1}{\376\377\000I\000n\000d\000i\000v\000i\000d\000u\000a\000t\000i\000o\000n\000\040\000t\000a\000k\000e\000s\000\040\000t\000i\000m\000e}{section.2}% 9
\BOOKMARK [2][-]{subsection.2.2}{\376\377\000T\000h\000e\000\040\000f\000l\000o\000o\000r\000\040\000i\000s\000\040\000u\000n\000i\000f\000o\000r\000m\000\040\000w\000h\000e\000n\000\040\000r\000e\000f\000i\000n\000e\000m\000e\000n\000t\000\040\000i\000s\000\040\000c\000a\000p\000p\000e\000d}{section.2}% 10
\BOOKMARK [1][-]{section.3}{\376\377\000T\000h\000e\000\040\000A\000s\000y\000m\000m\000e\000t\000r\000y}{part.2}% 11
\BOOKMARK [0][-]{part.3}{\376\377\000I\000I\000I\000\040\000L\000a\000d\000d\000e\000r\000s}{}% 12
\BOOKMARK [1][-]{section.4}{\376\377\000R\000u\000n\000g\000s}{part.3}% 13
\BOOKMARK [1][-]{section.5}{\376\377\000C\000o\000m\000p\000o\000s\000i\000t\000i\000o\000n}{part.3}% 14
\BOOKMARK [0][-]{part.4}{\376\377\000I\000V\000\040\000T\000h\000e\000\040\000I\000d\000e\000n\000t\000i\000t\000i\000e\000s\000\040\000A\000r\000e\000\040\000I\000n\000e\000r\000t}{}% 15
\BOOKMARK [1][-]{section.6}{\376\377\000P\000r\000o\000c\000e\000s\000s\000e\000s}{part.4}% 16
\BOOKMARK [2][-]{subsection.6.1}{\376\377\000O\000b\000s\000e\000r\000v\000a\000b\000l\000e\000s}{section.6}% 17
\BOOKMARK [1][-]{section.7}{\376\377\000T\000h\000e\000\040\000I\000n\000e\000r\000t\000n\000e\000s\000s\000\040\000T\000h\000e\000o\000r\000e\000m}{part.4}% 18
\BOOKMARK [0][-]{part.5}{\376\377\000V\000\040\000T\000h\000e\000\040\000M\000a\000c\000h\000i\000n\000e}{}% 19
\BOOKMARK [1][-]{section.8}{\376\377\000O\000p\000e\000r\000a\000t\000i\000o\000n\000a\000l\000\040\000S\000e\000m\000a\000n\000t\000i\000c\000s}{part.5}% 20
\BOOKMARK [1][-]{section.9}{\376\377\000S\000t\000a\000t\000i\000c\000\040\000A\000n\000a\000l\000y\000s\000i\000s}{part.5}% 21
\BOOKMARK [1][-]{section.10}{\376\377\000C\000o\000s\000t}{part.5}% 22
\BOOKMARK [0][-]{part.6}{\376\377\000V\000I\000\040\000A\000\040\000P\000r\000o\000c\000e\000s\000s\000,\000\040\000G\000i\000v\000e\000n\000\040\000O\000n\000l\000y\000\040\000a\000s\000\040\000P\000o\000w\000e\000r\000s}{}% 23
\BOOKMARK [1][-]{section.11}{\376\377\000T\000h\000e\000\040\000D\000e\000m\000o\000n\000s\000t\000r\000a\000t\000i\000o\000n}{part.6}% 24
\BOOKMARK [2][-]{subsection.11.1}{\376\377\000T\000h\000e\000\040\000s\000p\000e\000c\000i\000f\000i\000c\000a\000t\000i\000o\000n}{section.11}% 25
\BOOKMARK [2][-]{subsection.11.2}{\376\377\000Q\000u\000e\000s\000t\000i\000o\000n\000s\000\040\000a\000n\000s\000w\000e\000r\000e\000d\000\040\000f\000r\000o\000m\000\040\000t\000h\000e\000\040\000p\000o\000w\000e\000r\000s\000\040\000a\000l\000o\000n\000e}{section.11}% 26
\BOOKMARK [2][-]{subsection.11.3}{\376\377\000W\000h\000a\000t\000\040\000w\000a\000s\000\040\000n\000e\000v\000e\000r\000\040\000n\000e\000e\000d\000e\000d}{section.11}% 27
\BOOKMARK [0][-]{part.7}{\376\377\000V\000I\000I\000\040\000P\000r\000e\000d\000i\000c\000t\000i\000o\000n\000s\000\040\000a\000n\000d\000\040\000V\000a\000l\000i\000d\000a\000t\000i\000o\000n}{}% 28
\BOOKMARK [1][-]{section.12}{\376\377\000F\000a\000l\000s\000i\000f\000i\000a\000b\000l\000e\000\040\000P\000r\000e\000d\000i\000c\000t\000i\000o\000n\000s}{part.7}% 29
\BOOKMARK [1][-]{section.13}{\376\377\000C\000o\000m\000p\000u\000t\000a\000t\000i\000o\000n\000a\000l\000\040\000P\000r\000o\000t\000o\000c\000o\000l}{part.7}% 30
\BOOKMARK [1][-]{section.14}{\376\377\000R\000e\000s\000u\000l\000t\000s}{part.7}% 31
\BOOKMARK [2][-]{subsection.14.1}{\376\377\000T\000h\000e\000\040\000f\000l\000o\000o\000r\000\040\000a\000n\000d\000\040\000i\000t\000s\000\040\000h\000y\000p\000o\000t\000h\000e\000s\000i\000s}{section.14}% 32
\BOOKMARK [2][-]{subsection.14.2}{\376\377\000T\000h\000e\000\040\000a\000s\000y\000m\000m\000e\000t\000r\000y}{section.14}% 33
\BOOKMARK [2][-]{subsection.14.3}{\376\377\000C\000o\000m\000p\000o\000s\000i\000t\000i\000o\000n\000,\000\040\000a\000n\000d\000\040\000t\000h\000e\000\040\000e\000x\000c\000l\000u\000s\000i\000o\000n\000\040\000o\000f\000\040\000t\000h\000e\000\040\000a\000l\000t\000e\000r\000n\000a\000t\000i\000v\000e\000s}{section.14}% 34
\BOOKMARK [2][-]{subsection.14.4}{\376\377\000T\000h\000e\000\040\000d\000i\000r\000e\000c\000t\000i\000o\000n\000\040\000o\000f\000\040\000c\000o\000n\000t\000r\000o\000l}{section.14}% 35
\BOOKMARK [2][-]{subsection.14.5}{\376\377\000I\000n\000e\000r\000t\000n\000e\000s\000s}{section.14}% 36
\BOOKMARK [2][-]{subsection.14.6}{\376\377\000S\000e\000m\000a\000n\000t\000i\000c\000s\000\040\000a\000n\000d\000\040\000s\000t\000a\000t\000i\000c\000\040\000a\000n\000a\000l\000y\000s\000i\000s}{section.14}% 37
\BOOKMARK [2][-]{subsection.14.7}{\376\377\000T\000h\000e\000\040\000d\000e\000m\000o\000n\000s\000t\000r\000a\000t\000i\000o\000n\000,\000\040\000r\000e\000c\000o\000m\000p\000u\000t\000e\000d}{section.14}% 38
\BOOKMARK [0][-]{part.8}{\376\377\000V\000I\000I\000I\000\040\000D\000i\000s\000c\000u\000s\000s\000i\000o\000n}{}% 39
\BOOKMARK [1][-]{section.15}{\376\377\000R\000e\000l\000a\000t\000i\000o\000n\000\040\000t\000o\000\040\000E\000x\000i\000s\000t\000i\000n\000g\000\040\000A\000c\000c\000o\000u\000n\000t\000s}{part.8}% 40
\BOOKMARK [1][-]{section.16}{\376\377\000L\000i\000m\000i\000t\000a\000t\000i\000o\000n\000s}{part.8}% 41
\BOOKMARK [1][-]{section.17}{\376\377\000C\000o\000n\000c\000l\000u\000s\000i\000o\000n}{part.8}% 42
\BOOKMARK [1][-]{section*.14}{\376\377\000D\000a\000t\000a\000\040\000a\000n\000d\000\040\000C\000o\000d\000e\000\040\000A\000v\000a\000i\000l\000a\000b\000i\000l\000i\000t\000y}{part.8}% 43
