\BOOKMARK [0][-]{section*.1}{\376\377\000O\000n\000\040\000t\000h\000e\000\040\000G\000e\000o\000m\000e\000t\000r\000i\000c\000\040\000C\000o\000n\000s\000e\000q\000u\000e\000n\000c\000e\000s\000\040\000o\000f\000\040\000B\000o\000u\000n\000d\000e\000d\000\040\000P\000h\000a\000s\000e\000\040\000S\000p\000a\000c\000e\000\040\000C\000a\000t\000e\000g\000o\000r\000i\000c\000a\000l\000\040\000P\000a\000r\000t\000i\000t\000i\000o\000n\000i\000n\000g\000\040\000M\000e\000c\000h\000a\000n\000i\000c\000s\000\040\000:\000\040\000U\000n\000i\000v\000e\000r\000s\000a\000l\000\040\000E\000q\000u\000a\000t\000i\000o\000n\000s\000\040\000o\000f\000\040\000S\000t\000a\000t\000e\000\040\000f\000o\000r\000\040\000P\000r\000o\000t\000e\000i\000n\000\040\000S\000y\000s\000t\000e\000m\000s}{}% 1
\BOOKMARK [1][-]{section*.2}{\376\377\000I\000n\000t\000r\000o\000d\000u\000c\000t\000i\000o\000n}{section*.1}% 2
\BOOKMARK [2][-]{section*.3}{\376\377\000T\000h\000e\000\040\000S\000t\000a\000t\000e\000\040\000o\000f\000\040\000P\000r\000o\000t\000e\000i\000n\000\040\000S\000c\000i\000e\000n\000c\000e}{section*.2}% 3
\BOOKMARK [2][-]{section*.4}{\376\377\000A\000\040\000S\000i\000n\000g\000l\000e\000\040\000A\000x\000i\000o\000m}{section*.2}% 4
\BOOKMARK [2][-]{section*.5}{\376\377\000O\000v\000e\000r\000v\000i\000e\000w\000\040\000o\000f\000\040\000R\000e\000s\000u\000l\000t\000s}{section*.2}% 5
\BOOKMARK [1][-]{section*.6}{\376\377\000T\000h\000e\000\040\000A\000x\000i\000o\000m\000\040\000a\000n\000d\000\040\000F\000i\000n\000i\000t\000e\000\040\000P\000a\000r\000t\000i\000t\000i\000o\000n}{section*.1}% 6
\BOOKMARK [2][-]{section*.7}{\376\377\000B\000o\000u\000n\000d\000e\000d\000\040\000P\000h\000a\000s\000e\000\040\000S\000p\000a\000c\000e}{section*.6}% 7
\BOOKMARK [2][-]{section*.8}{\376\377\000F\000i\000n\000i\000t\000e\000\040\000P\000a\000r\000t\000i\000t\000i\000o\000n}{section*.6}% 8
\BOOKMARK [2][-]{section*.9}{\376\377\000T\000h\000e\000\040\000P\000a\000r\000t\000i\000t\000i\000o\000n\000\040\000H\000i\000e\000r\000a\000r\000c\000h\000y}{section*.6}% 9
\BOOKMARK [1][-]{section*.10}{\376\377\000P\000a\000r\000t\000i\000t\000i\000o\000n\000\040\000C\000o\000o\000r\000d\000i\000n\000a\000t\000e\000s}{section*.1}% 10
\BOOKMARK [2][-]{section*.11}{\376\377\000D\000e\000r\000i\000v\000a\000t\000i\000o\000n\000\040\000o\000f\000\040\000\050\000n\000,\000\040\000,\000\040\000m\000,\000\040\000s\000\051}{section*.10}% 11
\BOOKMARK [2][-]{section*.12}{\376\377\000E\000q\000u\000a\000t\000i\000o\000n\000\040\000I\000:\000\040\000T\000h\000e\000\040\000C\000a\000p\000a\000c\000i\000t\000y\000\040\000F\000o\000r\000m\000u\000l\000a}{section*.10}% 12
\BOOKMARK [2][-]{section*.13}{\376\377\000E\000q\000u\000a\000t\000i\000o\000n\000\040\000I\000I\000:\000\040\000S\000e\000l\000e\000c\000t\000i\000o\000n\000\040\000R\000u\000l\000e\000s}{section*.10}% 13
\BOOKMARK [1][-]{section*.14}{\376\377\000P\000a\000r\000t\000i\000t\000i\000o\000n\000\040\000D\000e\000p\000t\000h}{section*.1}% 14
\BOOKMARK [2][-]{section*.15}{\376\377\000E\000q\000u\000a\000t\000i\000o\000n\000\040\000I\000I\000I\000:\000\040\000T\000h\000e\000\040\000M\000e\000a\000s\000u\000r\000e\000\040\000o\000f\000\040\000D\000i\000s\000t\000i\000n\000g\000u\000i\000s\000h\000a\000b\000i\000l\000i\000t\000y}{section*.14}% 15
\BOOKMARK [2][-]{section*.16}{\376\377\000E\000q\000u\000a\000t\000i\000o\000n\000\040\000I\000V\000:\000\040\000G\000r\000a\000d\000i\000e\000n\000t\000\040\000F\000l\000o\000w}{section*.14}% 16
\BOOKMARK [1][-]{section*.17}{\376\377\000P\000h\000a\000s\000e\000-\000L\000o\000c\000k\000\040\000N\000e\000t\000w\000o\000r\000k\000s}{section*.1}% 17
\BOOKMARK [2][-]{section*.18}{\376\377\000H\000y\000d\000r\000o\000g\000e\000n\000\040\000B\000o\000n\000d\000s\000\040\000a\000s\000\040\000C\000o\000u\000p\000l\000e\000d\000\040\000O\000s\000c\000i\000l\000l\000a\000t\000o\000r\000s}{section*.17}% 18
\BOOKMARK [2][-]{section*.19}{\376\377\000E\000q\000u\000a\000t\000i\000o\000n\000\040\000V\000:\000\040\000K\000u\000r\000a\000m\000o\000t\000o\000\040\000P\000h\000a\000s\000e\000-\000L\000o\000c\000k\000\040\000D\000y\000n\000a\000m\000i\000c\000s}{section*.17}% 19
\BOOKMARK [2][-]{section*.20}{\376\377\000T\000h\000e\000\040\000O\000r\000d\000e\000r\000\040\000P\000a\000r\000a\000m\000e\000t\000e\000r}{section*.17}% 20
\BOOKMARK [2][-]{section*.21}{\376\377\000E\000q\000u\000a\000t\000i\000o\000n\000\040\000V\000I\000:\000\040\000N\000a\000t\000i\000v\000e\000\040\000S\000t\000r\000u\000c\000t\000u\000r\000e\000\040\000C\000r\000i\000t\000e\000r\000i\000o\000n}{section*.17}% 21
\BOOKMARK [2][-]{section*.22}{\376\377\000K\000i\000n\000e\000t\000i\000c\000\040\000I\000n\000d\000e\000p\000e\000n\000d\000e\000n\000c\000e}{section*.17}% 22
\BOOKMARK [1][-]{section*.23}{\376\377\000S\000-\000E\000n\000t\000r\000o\000p\000y\000\040\000a\000n\000d\000\040\000t\000h\000e\000\040\000T\000e\000r\000n\000a\000r\000y\000\040\000R\000e\000p\000r\000e\000s\000e\000n\000t\000a\000t\000i\000o\000n}{section*.1}% 23
\BOOKMARK [2][-]{section*.24}{\376\377\000S\000-\000E\000n\000t\000r\000o\000p\000y\000\040\000C\000o\000o\000r\000d\000i\000n\000a\000t\000e\000s}{section*.23}% 24
\BOOKMARK [2][-]{section*.25}{\376\377\000E\000q\000u\000a\000t\000i\000o\000n\000\040\000V\000I\000I\000:\000\040\000S\000-\000E\000n\000t\000r\000o\000p\000y\000\040\000C\000o\000n\000s\000e\000r\000v\000a\000t\000i\000o\000n}{section*.23}% 25
\BOOKMARK [2][-]{section*.26}{\376\377\000T\000e\000r\000n\000a\000r\000y\000\040\000R\000e\000p\000r\000e\000s\000e\000n\000t\000a\000t\000i\000o\000n}{section*.23}% 26
\BOOKMARK [2][-]{section*.27}{\376\377\000P\000o\000s\000i\000t\000i\000o\000n\000-\000T\000r\000a\000j\000e\000c\000t\000o\000r\000y\000\040\000I\000d\000e\000n\000t\000i\000t\000y}{section*.23}% 27
\BOOKMARK [2][-]{section*.28}{\376\377\000C\000a\000t\000e\000g\000o\000r\000i\000c\000a\000l\000\040\000C\000o\000m\000m\000u\000t\000a\000t\000i\000o\000n\000\040\000a\000n\000d\000\040\000Z\000e\000r\000o\000-\000B\000a\000c\000k\000a\000c\000t\000i\000o\000n}{section*.23}% 28
\BOOKMARK [1][-]{section*.29}{\376\377\000T\000h\000e\000\040\000S\000e\000v\000e\000n\000\040\000E\000q\000u\000a\000t\000i\000o\000n\000s\000\040\000U\000n\000i\000f\000i\000e\000d}{section*.1}% 29
\BOOKMARK [2][-]{section*.30}{\376\377\000S\000t\000a\000t\000e\000m\000e\000n\000t\000\040\000o\000f\000\040\000t\000h\000e\000\040\000U\000n\000i\000v\000e\000r\000s\000a\000l\000\040\000E\000q\000u\000a\000t\000i\000o\000n\000s}{section*.29}% 30
\BOOKMARK [2][-]{section*.38}{\376\377\000D\000e\000r\000i\000v\000e\000d\000\040\000C\000o\000r\000o\000l\000l\000a\000r\000i\000e\000s}{section*.29}% 31
\BOOKMARK [2][-]{section*.39}{\376\377\000I\000n\000t\000e\000r\000n\000a\000l\000\040\000C\000o\000n\000s\000i\000s\000t\000e\000n\000c\000y}{section*.29}% 32
\BOOKMARK [2][-]{section*.40}{\376\377\000C\000o\000m\000p\000a\000r\000i\000s\000o\000n\000\040\000w\000i\000t\000h\000\040\000O\000t\000h\000e\000r\000\040\000E\000q\000u\000a\000t\000i\000o\000n\000\040\000S\000y\000s\000t\000e\000m\000s}{section*.29}% 33
\BOOKMARK [1][-]{section*.41}{\376\377\000C\000o\000n\000s\000e\000q\000u\000e\000n\000c\000e\000\040\000I\000:\000\040\000E\000l\000e\000c\000t\000r\000o\000n\000\040\000T\000r\000a\000n\000s\000f\000e\000r}{section*.1}% 34
\BOOKMARK [2][-]{section*.42}{\376\377\000S\000y\000s\000t\000e\000m\000:\000\040\000A\000z\000u\000r\000i\000n}{section*.41}% 35
\BOOKMARK [2][-]{section*.43}{\376\377\000C\000a\000t\000e\000g\000o\000r\000i\000c\000a\000l\000\040\000T\000r\000a\000j\000e\000c\000t\000o\000r\000y\000\040\000T\000r\000a\000c\000k\000i\000n\000g}{section*.41}% 36
\BOOKMARK [2][-]{section*.44}{\376\377\000R\000e\000s\000u\000l\000t\000s}{section*.41}% 37
\BOOKMARK [1][-]{section*.45}{\376\377\000C\000o\000n\000s\000e\000q\000u\000e\000n\000c\000e\000\040\000I\000I\000:\000\040\000E\000n\000z\000y\000m\000e\000\040\000C\000a\000t\000a\000l\000y\000s\000i\000s}{section*.1}% 38
\BOOKMARK [2][-]{section*.46}{\376\377\000C\000a\000t\000a\000l\000y\000s\000i\000s\000\040\000a\000s\000\040\000C\000a\000t\000e\000g\000o\000r\000i\000c\000a\000l\000\040\000A\000p\000e\000r\000t\000u\000r\000e\000\040\000T\000r\000a\000v\000e\000r\000s\000a\000l}{section*.45}% 39
\BOOKMARK [2][-]{section*.47}{\376\377\000S\000O\000D\0001\000:\000\040\000D\000i\000f\000f\000u\000s\000i\000o\000n\000-\000L\000i\000m\000i\000t\000e\000d\000\040\000C\000a\000t\000a\000l\000y\000s\000i\000s}{section*.45}% 40
\BOOKMARK [2][-]{section*.48}{\376\377\000C\000A\000\040\000I\000I\000:\000\040\000P\000r\000o\000t\000o\000n\000-\000T\000r\000a\000n\000s\000f\000e\000r\000-\000L\000i\000m\000i\000t\000e\000d\000\040\000C\000a\000t\000a\000l\000y\000s\000i\000s}{section*.45}% 41
\BOOKMARK [2][-]{section*.49}{\376\377\000R\000e\000s\000o\000l\000u\000t\000i\000o\000n\000\040\000o\000f\000\040\000T\000h\000r\000e\000e\000\040\000P\000a\000r\000a\000d\000o\000x\000e\000s}{section*.45}% 42
\BOOKMARK [2][-]{section*.50}{\376\377\000E\000i\000g\000h\000t\000-\000E\000n\000z\000y\000m\000e\000\040\000V\000a\000l\000i\000d\000a\000t\000i\000o\000n}{section*.45}% 43
\BOOKMARK [1][-]{section*.51}{\376\377\000C\000o\000n\000s\000e\000q\000u\000e\000n\000c\000e\000\040\000I\000I\000I\000:\000\040\000P\000r\000o\000t\000e\000i\000n\000\040\000F\000o\000l\000d\000i\000n\000g}{section*.1}% 44
\BOOKMARK [2][-]{section*.52}{\376\377\000L\000e\000v\000i\000n\000t\000h\000a\000l\000'\000s\000\040\000P\000a\000r\000a\000d\000o\000x\000\040\000R\000e\000s\000o\000l\000v\000e\000d}{section*.51}% 45
\BOOKMARK [2][-]{section*.53}{\376\377\000T\000h\000e\000\040\000F\000o\000l\000d\000i\000n\000g\000\040\000T\000r\000a\000j\000e\000c\000t\000o\000r\000y}{section*.51}% 46
\BOOKMARK [2][-]{section*.54}{\376\377\000E\000p\000i\000s\000t\000e\000m\000o\000l\000o\000g\000i\000c\000a\000l\000\040\000I\000n\000v\000e\000r\000s\000i\000o\000n}{section*.51}% 47
\BOOKMARK [1][-]{section*.55}{\376\377\000C\000o\000n\000s\000e\000q\000u\000e\000n\000c\000e\000\040\000I\000V\000:\000\040\000C\000o\000n\000f\000o\000r\000m\000a\000t\000i\000o\000n\000a\000l\000\040\000D\000y\000n\000a\000m\000i\000c\000s}{section*.1}% 48
\BOOKMARK [1][-]{section*.56}{\376\377\000C\000o\000n\000s\000e\000q\000u\000e\000n\000c\000e\000\040\000V\000:\000\040\000P\000r\000o\000t\000e\000i\000n\000\040\000M\000i\000s\000f\000o\000l\000d\000i\000n\000g\000\040\000a\000n\000d\000\040\000D\000i\000s\000e\000a\000s\000e}{section*.1}% 49
\BOOKMARK [2][-]{section*.57}{\376\377\000D\000i\000s\000e\000a\000s\000e\000\040\000a\000s\000\040\000C\000o\000h\000e\000r\000e\000n\000c\000e\000\040\000L\000o\000s\000s}{section*.56}% 50
\BOOKMARK [2][-]{section*.58}{\376\377\000A\000L\000S\000-\000L\000i\000n\000k\000e\000d\000\040\000S\000O\000D\0001\000\040\000M\000u\000t\000a\000t\000i\000o\000n\000s}{section*.56}% 51
\BOOKMARK [2][-]{section*.59}{\376\377\000T\000h\000r\000e\000e\000\040\000P\000a\000t\000h\000w\000a\000y\000s\000\040\000t\000o\000\040\000D\000e\000c\000o\000h\000e\000r\000e\000n\000c\000e}{section*.56}% 52
\BOOKMARK [2][-]{section*.60}{\376\377\000T\000h\000e\000r\000a\000p\000e\000u\000t\000i\000c\000\040\000I\000m\000p\000l\000i\000c\000a\000t\000i\000o\000n\000s}{section*.56}% 53
\BOOKMARK [1][-]{section*.61}{\376\377\000C\000o\000n\000s\000e\000q\000u\000e\000n\000c\000e\000\040\000V\000I\000:\000\040\000P\000r\000o\000t\000e\000o\000m\000i\000c\000s}{section*.1}% 54
\BOOKMARK [1][-]{section*.62}{\376\377\000C\000o\000m\000p\000r\000e\000h\000e\000n\000s\000i\000v\000e\000\040\000V\000a\000l\000i\000d\000a\000t\000i\000o\000n\000\040\000S\000u\000m\000m\000a\000r\000y}{section*.1}% 55
\BOOKMARK [1][-]{section*.63}{\376\377\000P\000r\000e\000d\000i\000c\000t\000i\000o\000n\000s}{section*.1}% 56
\BOOKMARK [2][-]{section*.64}{\376\377\000E\000n\000z\000y\000m\000e\000\040\000D\000e\000s\000i\000g\000n}{section*.63}% 57
\BOOKMARK [2][-]{section*.65}{\376\377\000D\000i\000s\000e\000a\000s\000e}{section*.63}% 58
\BOOKMARK [2][-]{section*.66}{\376\377\000F\000o\000l\000d\000i\000n\000g}{section*.63}% 59
\BOOKMARK [2][-]{section*.67}{\376\377\000M\000e\000a\000s\000u\000r\000e\000m\000e\000n\000t}{section*.63}% 60
\BOOKMARK [1][-]{section*.68}{\376\377\000D\000i\000s\000c\000u\000s\000s\000i\000o\000n}{section*.1}% 61
\BOOKMARK [2][-]{section*.69}{\376\377\000T\000h\000e\000\040\000P\000o\000w\000e\000r\000\040\000o\000f\000\040\000D\000e\000r\000i\000v\000a\000t\000i\000o\000n}{section*.68}% 62
\BOOKMARK [2][-]{section*.70}{\376\377\000E\000x\000i\000s\000t\000i\000n\000g\000\040\000T\000h\000e\000o\000r\000i\000e\000s\000\040\000a\000s\000\040\000S\000p\000e\000c\000i\000a\000l\000\040\000C\000a\000s\000e\000s}{section*.68}% 63
\BOOKMARK [2][-]{section*.71}{\376\377\000B\000e\000y\000o\000n\000d\000\040\000P\000r\000o\000t\000e\000i\000n\000s}{section*.68}% 64
\BOOKMARK [2][-]{section*.72}{\376\377\000L\000i\000m\000i\000t\000a\000t\000i\000o\000n\000s}{section*.68}% 65
\BOOKMARK [1][-]{section*.73}{\376\377\000C\000o\000n\000c\000l\000u\000s\000i\000o\000n}{section*.1}% 66
\BOOKMARK [1][-]{section*.74}{\376\377\000A\000c\000k\000n\000o\000w\000l\000e\000d\000g\000m\000e\000n\000t\000s}{section*.1}% 67
\BOOKMARK [1][-]{section*.75}{\376\377\000C\000o\000d\000e\000\040\000a\000n\000d\000\040\000D\000a\000t\000a\000\040\000A\000v\000a\000i\000l\000a\000b\000i\000l\000i\000t\000y}{section*.1}% 68
\BOOKMARK [1][-]{section*.76}{\376\377\000M\000a\000t\000h\000e\000m\000a\000t\000i\000c\000a\000l\000\040\000P\000r\000o\000o\000f\000s}{section*.1}% 69
\BOOKMARK [2][-]{section*.77}{\376\377\000P\000r\000o\000o\000f\000\040\000o\000f\000\040\000C\000a\000p\000a\000c\000i\000t\000y\000\040\000F\000o\000r\000m\000u\000l\000a}{section*.76}% 70
\BOOKMARK [2][-]{section*.78}{\376\377\000P\000r\000o\000o\000f\000\040\000o\000f\000\040\000S\000e\000l\000e\000c\000t\000i\000o\000n\000\040\000R\000u\000l\000e\000s}{section*.76}% 71
\BOOKMARK [2][-]{section*.79}{\376\377\000P\000r\000o\000o\000f\000\040\000o\000f\000\040\000S\000-\000E\000n\000t\000r\000o\000p\000y\000\040\000C\000o\000n\000s\000e\000r\000v\000a\000t\000i\000o\000n}{section*.76}% 72
\BOOKMARK [1][-]{section*.80}{\376\377\000C\000o\000m\000p\000u\000t\000a\000t\000i\000o\000n\000a\000l\000\040\000M\000e\000t\000h\000o\000d\000s}{section*.1}% 73
\BOOKMARK [2][-]{section*.81}{\376\377\000P\000h\000a\000s\000e\000-\000L\000o\000c\000k\000\040\000N\000e\000t\000w\000o\000r\000k\000\040\000C\000o\000n\000s\000t\000r\000u\000c\000t\000i\000o\000n}{section*.80}% 74
\BOOKMARK [2][-]{section*.82}{\376\377\000T\000e\000r\000n\000a\000r\000y\000\040\000T\000r\000i\000s\000e\000c\000t\000i\000o\000n\000\040\000I\000m\000p\000l\000e\000m\000e\000n\000t\000a\000t\000i\000o\000n}{section*.80}% 75
\BOOKMARK [2][-]{section*.83}{\376\377\000C\000a\000t\000e\000g\000o\000r\000i\000c\000a\000l\000\040\000D\000i\000s\000t\000a\000n\000c\000e\000\040\000C\000o\000m\000p\000u\000t\000a\000t\000i\000o\000n}{section*.80}% 76
\BOOKMARK [1][-]{section*.84}{\376\377\000C\000o\000m\000p\000l\000e\000t\000e\000\040\000E\000n\000z\000y\000m\000e\000\040\000V\000a\000l\000i\000d\000a\000t\000i\000o\000n\000\040\000D\000a\000t\000a}{section*.1}% 77
\BOOKMARK [1][-]{section*.85}{\376\377\000R\000e\000f\000e\000r\000e\000n\000c\000e\000s}{section*.1}% 78
