\BOOKMARK [0][-]{part.1}{\376\377\000I\000\040\000F\000o\000u\000n\000d\000a\000t\000i\000o\000n\000s}{}% 1
\BOOKMARK [1][-]{section.1}{\376\377\000I\000n\000t\000r\000o\000d\000u\000c\000t\000i\000o\000n}{part.1}% 2
\BOOKMARK [2][-]{subsection.1.1}{\376\377\000T\000h\000e\000\040\000F\000o\000u\000r\000-\000C\000o\000f\000a\000c\000t\000o\000r\000\040\000C\000h\000a\000i\000n}{section.1}% 3
\BOOKMARK [2][-]{subsection.1.2}{\376\377\000W\000h\000y\000\040\000M\000u\000l\000t\000i\000-\000H\000o\000p\000\040\000I\000s\000\040\000H\000a\000r\000d}{section.1}% 4
\BOOKMARK [2][-]{subsection.1.3}{\376\377\000W\000h\000a\000t\000\040\000T\000h\000i\000s\000\040\000P\000a\000p\000e\000r\000\040\000D\000o\000e\000s}{section.1}% 5
\BOOKMARK [2][-]{subsection.1.4}{\376\377\000P\000a\000p\000e\000r\000\040\000S\000t\000r\000u\000c\000t\000u\000r\000e}{section.1}% 6
\BOOKMARK [1][-]{section.2}{\376\377\000F\000o\000u\000n\000d\000a\000t\000i\000o\000n\000s\000:\000\040\000R\000e\000c\000e\000i\000v\000e\000r\000\040\000a\000n\000d\000\040\000S\000i\000n\000g\000l\000e\000-\000H\000o\000p\000\040\000T\000r\000a\000j\000e\000c\000t\000o\000r\000y}{part.1}% 7
\BOOKMARK [2][-]{subsection.2.1}{\376\377\000R\000e\000c\000a\000p\000\040\000o\000f\000\040\000R\000b\000i\000o}{section.2}% 8
\BOOKMARK [2][-]{subsection.2.2}{\376\377\000S\000i\000n\000g\000l\000e\000-\000H\000o\000p\000\040\000T\000r\000a\000j\000e\000c\000t\000o\000r\000y\000\040\000M\000a\000c\000h\000i\000n\000e\000r\000y}{section.2}% 9
\BOOKMARK [2][-]{subsection.2.3}{\376\377\000H\000o\000p\000p\000i\000n\000g\000\040\000S\000e\000q\000u\000e\000n\000c\000e\000s}{section.2}% 10
\BOOKMARK [2][-]{subsection.2.4}{\376\377\000N\000e\000w\000t\000o\000n\000'\000s\000-\000C\000r\000a\000d\000l\000e\000\040\000N\000o\000n\000-\000I\000d\000e\000n\000t\000i\000t\000y}{section.2}% 11
\BOOKMARK [0][-]{part.2}{\376\377\000I\000I\000\040\000T\000h\000e\000\040\000F\000o\000u\000r\000-\000C\000o\000f\000a\000c\000t\000o\000r\000\040\000R\000e\000c\000e\000i\000v\000e\000r\000\040\000T\000r\000e\000e}{}% 12
\BOOKMARK [1][-]{section.3}{\376\377\000T\000h\000e\000\040\000N\000A\000D\000P\000H\000\040\000L\000e\000a\000f}{part.2}% 13
\BOOKMARK [2][-]{subsection.3.1}{\376\377\000C\000o\000f\000a\000c\000t\000o\000r\000\040\000D\000e\000s\000c\000r\000i\000p\000t\000i\000o\000n}{section.3}% 14
\BOOKMARK [2][-]{subsection.3.2}{\376\377\000R\000e\000c\000e\000i\000v\000e\000r\000\040\000L\000e\000a\000f}{section.3}% 15
\BOOKMARK [2][-]{subsection.3.3}{\376\377\000D\000o\000n\000o\000r\000\040\000A\000d\000d\000r\000e\000s\000s}{section.3}% 16
\BOOKMARK [1][-]{section.4}{\376\377\000T\000h\000e\000\040\000F\000A\000D\000\040\000L\000e\000a\000f\000\040\000a\000n\000d\000\040\000T\000h\000r\000e\000e\000-\000S\000t\000a\000t\000e\000\040\000L\000a\000d\000d\000e\000r}{part.2}% 17
\BOOKMARK [2][-]{subsection.4.1}{\376\377\000C\000o\000f\000a\000c\000t\000o\000r\000\040\000D\000e\000s\000c\000r\000i\000p\000t\000i\000o\000n}{section.4}% 18
\BOOKMARK [2][-]{subsection.4.2}{\376\377\000R\000e\000c\000e\000i\000v\000e\000r\000\040\000L\000e\000a\000f}{section.4}% 19
\BOOKMARK [2][-]{subsection.4.3}{\376\377\000S\000e\000m\000i\000q\000u\000i\000n\000o\000n\000e\000\040\000S\000t\000a\000b\000i\000l\000i\000s\000a\000t\000i\000o\000n}{section.4}% 20
\BOOKMARK [1][-]{section.5}{\376\377\000T\000h\000e\000\040\000F\000M\000N\000\040\000L\000e\000a\000f}{part.2}% 21
\BOOKMARK [2][-]{subsection.5.1}{\376\377\000C\000o\000f\000a\000c\000t\000o\000r\000\040\000D\000e\000s\000c\000r\000i\000p\000t\000i\000o\000n}{section.5}% 22
\BOOKMARK [2][-]{subsection.5.2}{\376\377\000R\000e\000c\000e\000i\000v\000e\000r\000\040\000L\000e\000a\000f}{section.5}% 23
\BOOKMARK [1][-]{section.6}{\376\377\000T\000h\000e\000\040\000H\000e\000m\000e\000\040\000I\000r\000o\000n\000\040\000L\000e\000a\000f\000\040\000\050\000R\000e\000c\000a\000p\000\051}{part.2}% 24
\BOOKMARK [1][-]{section.7}{\376\377\000T\000h\000e\000\040\000C\000o\000m\000p\000o\000s\000i\000t\000e\000\040\000M\000u\000l\000t\000i\000-\000C\000o\000f\000a\000c\000t\000o\000r\000\040\000R\000e\000c\000e\000i\000v\000e\000r\000\040\000T\000r\000e\000e}{part.2}% 25
\BOOKMARK [2][-]{subsection.7.1}{\376\377\000T\000o\000p\000-\000L\000e\000v\000e\000l\000\040\000D\000e\000c\000o\000m\000p\000o\000s\000i\000t\000i\000o\000n}{section.7}% 26
\BOOKMARK [2][-]{subsection.7.2}{\376\377\000C\000o\000u\000p\000l\000i\000n\000g\000\040\000T\000e\000n\000s\000o\000r}{section.7}% 27
\BOOKMARK [0][-]{part.3}{\376\377\000I\000I\000I\000\040\000T\000h\000e\000\040\000T\000h\000r\000e\000e\000\040\000H\000o\000p\000s}{}% 28
\BOOKMARK [1][-]{section.8}{\376\377\000H\000o\000p\000\040\0001\000:\000\040\000N\000A\000D\000P\000H\000\040\000\040\000F\000A\000D\000\040\000\050\000H\000y\000d\000r\000i\000d\000e\000\040\000T\000r\000a\000n\000s\000f\000e\000r\000\051}{part.3}% 29
\BOOKMARK [2][-]{subsection.8.1}{\376\377\000M\000e\000c\000h\000a\000n\000i\000s\000m}{section.8}% 30
\BOOKMARK [2][-]{subsection.8.2}{\376\377\000C\000a\000t\000e\000g\000o\000r\000i\000c\000a\000l\000\040\000T\000r\000e\000a\000t\000m\000e\000n\000t}{section.8}% 31
\BOOKMARK [2][-]{subsection.8.3}{\376\377\000S\000e\000l\000e\000c\000t\000i\000o\000n\000\040\000R\000u\000l\000e\000s}{section.8}% 32
\BOOKMARK [2][-]{subsection.8.4}{\376\377\000R\000a\000t\000e\000\040\000E\000s\000t\000i\000m\000a\000t\000e}{section.8}% 33
\BOOKMARK [1][-]{section.9}{\376\377\000H\000o\000p\000\040\0002\000:\000\040\000F\000A\000D\000\040\000\040\000F\000M\000N\000\040\000\050\000S\000e\000q\000u\000e\000n\000t\000i\000a\000l\000\040\0001\000e\000-\000\040\000T\000r\000a\000n\000s\000f\000e\000r\000s\000\051}{part.3}% 34
\BOOKMARK [2][-]{subsection.9.1}{\376\377\000M\000e\000c\000h\000a\000n\000i\000s\000m}{section.9}% 35
\BOOKMARK [2][-]{subsection.9.2}{\376\377\000S\000e\000m\000i\000q\000u\000i\000n\000o\000n\000e\000\040\000I\000n\000t\000e\000r\000m\000e\000d\000i\000a\000t\000e\000\040\000S\000t\000a\000b\000i\000l\000i\000s\000a\000t\000i\000o\000n}{section.9}% 36
\BOOKMARK [2][-]{subsection.9.3}{\376\377\000S\000e\000l\000e\000c\000t\000i\000o\000n\000\040\000R\000u\000l\000e\000s}{section.9}% 37
\BOOKMARK [1][-]{section.10}{\376\377\000H\000o\000p\000\040\0003\000:\000\040\000F\000M\000N\000\040\000\040\000H\000e\000m\000e\000\040\000\050\000L\000o\000n\000g\000-\000R\000a\000n\000g\000e\000\040\000E\000T\000,\000\040\000R\000a\000t\000e\000-\000L\000i\000m\000i\000t\000i\000n\000g\000\051}{part.3}% 38
\BOOKMARK [2][-]{subsection.10.1}{\376\377\000M\000e\000c\000h\000a\000n\000i\000s\000m}{section.10}% 39
\BOOKMARK [2][-]{subsection.10.2}{\376\377\000D\000i\000s\000t\000a\000n\000c\000e\000\040\000D\000e\000p\000e\000n\000d\000e\000n\000c\000e}{section.10}% 40
\BOOKMARK [2][-]{subsection.10.3}{\376\377\000R\000a\000t\000e\000\040\000E\000s\000t\000i\000m\000a\000t\000e}{section.10}% 41
\BOOKMARK [1][-]{section.11}{\376\377\000C\000o\000n\000t\000i\000n\000u\000i\000t\000y\000\040\000A\000c\000r\000o\000s\000s\000\040\000t\000h\000e\000\040\000C\000h\000a\000i\000n}{part.3}% 42
\BOOKMARK [2][-]{subsection.11.1}{\376\377\000T\000h\000e\000\040\000C\000o\000n\000t\000i\000n\000u\000i\000t\000y\000\040\000T\000h\000e\000o\000r\000e\000m}{section.11}% 43
\BOOKMARK [2][-]{subsection.11.2}{\376\377\000W\000h\000y\000\040\000S\000e\000m\000i\000q\000u\000i\000n\000o\000n\000e\000s\000\040\000A\000r\000e\000\040\000N\000e\000c\000e\000s\000s\000a\000r\000y}{section.11}% 44
\BOOKMARK [2][-]{subsection.11.3}{\376\377\000C\000o\000m\000p\000o\000s\000i\000t\000e\000\040\000d\000C\000\040\000f\000o\000r\000\040\000t\000h\000e\000\040\000C\000h\000a\000i\000n}{section.11}% 45
\BOOKMARK [0][-]{part.4}{\376\377\000I\000V\000\040\000Q\000u\000a\000n\000t\000i\000t\000a\000t\000i\000v\000e\000\040\000P\000r\000e\000d\000i\000c\000t\000i\000o\000n\000s\000\040\000a\000n\000d\000\040\000V\000a\000l\000i\000d\000a\000t\000i\000o\000n}{}% 46
\BOOKMARK [1][-]{section.12}{\376\377\000T\000h\000e\000\040\000d\000C\000=\000\040\0004\000\040\000C\000a\000t\000a\000l\000y\000t\000i\000c\000\040\000E\000f\000f\000i\000c\000i\000e\000n\000c\000y\000\040\000P\000r\000e\000d\000i\000c\000t\000i\000o\000n}{part.4}% 47
\BOOKMARK [2][-]{subsection.12.1}{\376\377\000H\000e\000a\000d\000l\000i\000n\000e\000\040\000R\000e\000s\000u\000l\000t}{section.12}% 48
\BOOKMARK [2][-]{subsection.12.2}{\376\377\000C\000o\000m\000p\000a\000r\000i\000s\000o\000n\000\040\000t\000o\000\040\000M\000e\000a\000s\000u\000r\000e\000d\000\040\000V\000a\000l\000u\000e\000s}{section.12}% 49
\BOOKMARK [1][-]{section.13}{\376\377\000S\000e\000m\000i\000q\000u\000i\000n\000o\000n\000e\000-\000M\000e\000d\000i\000a\000t\000e\000d\000\040\000R\000a\000t\000e\000\040\000L\000i\000m\000i\000t}{part.4}% 50
\BOOKMARK [1][-]{section.14}{\376\377\000N\000e\000w\000t\000o\000n\000'\000s\000-\000C\000r\000a\000d\000l\000e\000\040\000A\000c\000r\000o\000s\000s\000\040\000t\000h\000e\000\040\000C\000h\000a\000i\000n}{part.4}% 51
\BOOKMARK [1][-]{section.15}{\376\377\000V\000a\000l\000i\000d\000a\000t\000i\000o\000n\000\040\000A\000g\000a\000i\000n\000s\000t\000\040\000E\000x\000p\000e\000r\000i\000m\000e\000n\000t\000a\000l\000\040\000K\000i\000n\000e\000t\000i\000c\000s}{part.4}% 52
\BOOKMARK [2][-]{subsection.15.1}{\376\377\000P\000r\000e\000d\000i\000c\000t\000e\000d\000\040\000Q\000u\000a\000n\000t\000i\000t\000i\000e\000s}{section.15}% 53
\BOOKMARK [2][-]{subsection.15.2}{\376\377\000F\000a\000l\000s\000i\000f\000i\000a\000b\000l\000e\000\040\000P\000r\000e\000d\000i\000c\000t\000i\000o\000n\000s}{section.15}% 54
\BOOKMARK [0][-]{part.5}{\376\377\000V\000\040\000D\000i\000s\000c\000u\000s\000s\000i\000o\000n\000\040\000a\000n\000d\000\040\000C\000o\000n\000c\000l\000u\000s\000i\000o\000n}{}% 55
\BOOKMARK [1][-]{section.16}{\376\377\000L\000i\000m\000i\000t\000a\000t\000i\000o\000n\000s\000\040\000a\000n\000d\000\040\000F\000u\000t\000u\000r\000e\000\040\000W\000o\000r\000k}{part.5}% 56
\BOOKMARK [2][-]{subsection.16.1}{\376\377\000A\000c\000k\000n\000o\000w\000l\000e\000d\000g\000e\000d\000\040\000L\000i\000m\000i\000t\000a\000t\000i\000o\000n\000s}{section.16}% 57
\BOOKMARK [2][-]{subsection.16.2}{\376\377\000C\000o\000n\000n\000e\000c\000t\000i\000o\000n\000\040\000t\000o\000\040\000S\000u\000b\000s\000e\000q\000u\000e\000n\000t\000\040\000M\000o\000n\000o\000g\000r\000a\000p\000h\000\040\000P\000a\000p\000e\000r\000s}{section.16}% 58
\BOOKMARK [1][-]{section.17}{\376\377\000C\000o\000n\000c\000l\000u\000s\000i\000o\000n}{part.5}% 59
