\BOOKMARK [0][-]{part.1}{\376\377\000I\000\040\000F\000o\000u\000n\000d\000a\000t\000i\000o\000n\000s}{}% 1
\BOOKMARK [1][-]{section.1}{\376\377\000I\000n\000t\000r\000o\000d\000u\000c\000t\000i\000o\000n}{part.1}% 2
\BOOKMARK [2][-]{subsection.1.1}{\376\377\000T\000h\000e\000\040\000C\000o\000m\000p\000i\000l\000a\000t\000i\000o\000n\000\040\000G\000a\000p\000\040\000i\000n\000\040\000P\000r\000o\000t\000e\000i\000n\000\040\000S\000c\000i\000e\000n\000c\000e}{section.1}% 3
\BOOKMARK [2][-]{subsection.1.2}{\376\377\000M\000o\000d\000e\000l\000s\000\040\000a\000s\000\040\000C\000o\000m\000p\000i\000l\000e\000d\000\040\000P\000r\000o\000b\000e\000s}{section.1}% 4
\BOOKMARK [2][-]{subsection.1.3}{\376\377\000T\000h\000e\000\040\000P\000u\000r\000p\000o\000s\000e\000\040\000P\000h\000i\000l\000o\000s\000o\000p\000h\000y}{section.1}% 5
\BOOKMARK [2][-]{subsection.1.4}{\376\377\000R\000e\000l\000a\000t\000i\000o\000n\000s\000h\000i\000p\000\040\000t\000o\000\040\000t\000h\000e\000\040\000C\000a\000t\000e\000g\000o\000r\000i\000c\000a\000l\000\040\000P\000r\000o\000t\000e\000i\000n\000\040\000D\000a\000t\000a\000b\000a\000s\000e}{section.1}% 6
\BOOKMARK [2][-]{subsection.1.5}{\376\377\000C\000o\000n\000t\000r\000i\000b\000u\000t\000i\000o\000n\000s}{section.1}% 7
\BOOKMARK [1][-]{section.2}{\376\377\000T\000h\000e\000o\000r\000e\000t\000i\000c\000a\000l\000\040\000F\000o\000u\000n\000d\000a\000t\000i\000o\000n\000s}{part.1}% 8
\BOOKMARK [2][-]{subsection.2.1}{\376\377\000A\000x\000i\000o\000m\000s}{section.2}% 9
\BOOKMARK [2][-]{subsection.2.2}{\376\377\000T\000h\000e\000\040\000C\000a\000t\000e\000g\000o\000r\000i\000c\000a\000l\000\040\000P\000r\000o\000t\000e\000i\000n\000\040\000D\000a\000t\000a\000b\000a\000s\000e}{section.2}% 10
\BOOKMARK [2][-]{subsection.2.3}{\376\377\000T\000h\000e\000\040\000F\000o\000u\000r\000\040\000G\000e\000o\000m\000e\000t\000r\000i\000c\000\040\000P\000r\000i\000m\000i\000t\000i\000v\000e\000s}{section.2}% 11
\BOOKMARK [2][-]{subsection.2.4}{\376\377\000T\000h\000e\000\040\000C\000o\000m\000p\000i\000l\000a\000t\000i\000o\000n\000\040\000P\000r\000o\000b\000l\000e\000m\000:\000\040\000F\000o\000r\000m\000a\000l\000\040\000D\000e\000f\000i\000n\000i\000t\000i\000o\000n}{section.2}% 12
\BOOKMARK [0][-]{part.2}{\376\377\000I\000I\000\040\000T\000h\000e\000\040\000P\000r\000o\000b\000e\000\040\000C\000o\000m\000p\000i\000l\000a\000t\000i\000o\000n\000\040\000F\000r\000a\000m\000e\000w\000o\000r\000k}{}% 13
\BOOKMARK [1][-]{section.3}{\376\377\000T\000a\000s\000k\000\040\000T\000a\000x\000o\000n\000o\000m\000y}{part.2}% 14
\BOOKMARK [2][-]{subsection.3.1}{\376\377\000T\000h\000e\000\040\000F\000o\000u\000r\000\040\000T\000a\000s\000k\000\040\000T\000y\000p\000e\000s}{section.3}% 15
\BOOKMARK [2][-]{subsection.3.2}{\376\377\000T\000a\000s\000k\000-\000t\000o\000-\000O\000p\000e\000r\000a\000t\000i\000o\000n\000\040\000M\000a\000p\000p\000i\000n\000g}{section.3}% 16
\BOOKMARK [1][-]{section.4}{\376\377\000T\000e\000a\000c\000h\000e\000r\000-\000S\000t\000u\000d\000e\000n\000t\000\040\000A\000r\000c\000h\000i\000t\000e\000c\000t\000u\000r\000e}{part.2}% 17
\BOOKMARK [2][-]{subsection.4.1}{\376\377\000T\000e\000a\000c\000h\000e\000r\000\040\000M\000o\000d\000e\000l}{section.4}% 18
\BOOKMARK [2][-]{subsection.4.2}{\376\377\000S\000t\000u\000d\000e\000n\000t\000\040\000M\000o\000d\000e\000l}{section.4}% 19
\BOOKMARK [1][-]{section.5}{\376\377\000K\000n\000o\000w\000l\000e\000d\000g\000e\000\040\000D\000i\000s\000t\000i\000l\000l\000a\000t\000i\000o\000n\000\040\000P\000i\000p\000e\000l\000i\000n\000e}{part.2}% 20
\BOOKMARK [2][-]{subsection.5.1}{\376\377\000D\000i\000s\000t\000i\000l\000l\000a\000t\000i\000o\000n\000\040\000C\000o\000r\000p\000u\000s\000\040\000G\000e\000n\000e\000r\000a\000t\000i\000o\000n}{section.5}% 21
\BOOKMARK [2][-]{subsection.5.2}{\376\377\000D\000o\000m\000a\000i\000n\000\040\000K\000n\000o\000w\000l\000e\000d\000g\000e\000\040\000G\000r\000a\000p\000h}{section.5}% 22
\BOOKMARK [2][-]{subsection.5.3}{\376\377\000C\000u\000r\000r\000i\000c\000u\000l\000u\000m\000\040\000L\000e\000a\000r\000n\000i\000n\000g}{section.5}% 23
\BOOKMARK [1][-]{section.6}{\376\377\000T\000r\000a\000i\000n\000i\000n\000g\000\040\000O\000b\000j\000e\000c\000t\000i\000v\000e}{part.2}% 24
\BOOKMARK [2][-]{subsection.6.1}{\376\377\000C\000o\000m\000p\000o\000s\000i\000t\000e\000\040\000L\000o\000s\000s\000\040\000F\000u\000n\000c\000t\000i\000o\000n}{section.6}% 25
\BOOKMARK [0][-]{part.3}{\376\377\000I\000I\000I\000\040\000M\000o\000d\000e\000l\000\040\000A\000r\000c\000h\000i\000t\000e\000c\000t\000u\000r\000e\000s}{}% 26
\BOOKMARK [1][-]{section.7}{\376\377\000T\000h\000e\000\040\000F\000o\000l\000d\000i\000n\000g\000\040\000P\000r\000o\000b\000e\000\040\000M\000o\000d\000e\000l}{part.3}% 27
\BOOKMARK [2][-]{subsection.7.1}{\376\377\000A\000r\000c\000h\000i\000t\000e\000c\000t\000u\000r\000e}{section.7}% 28
\BOOKMARK [2][-]{subsection.7.2}{\376\377\000C\000o\000m\000p\000i\000l\000a\000t\000i\000o\000n\000\040\000t\000o\000\040\000T\000r\000a\000j\000e\000c\000t\000o\000r\000y\000\040\000C\000o\000m\000p\000l\000e\000t\000i\000o\000n}{section.7}% 29
\BOOKMARK [2][-]{subsection.7.3}{\376\377\000T\000r\000a\000i\000n\000i\000n\000g}{section.7}% 30
\BOOKMARK [1][-]{section.8}{\376\377\000T\000h\000e\000\040\000B\000i\000n\000d\000i\000n\000g\000\040\000P\000r\000o\000b\000e\000\040\000M\000o\000d\000e\000l}{part.3}% 31
\BOOKMARK [2][-]{subsection.8.1}{\376\377\000A\000r\000c\000h\000i\000t\000e\000c\000t\000u\000r\000e}{section.8}% 32
\BOOKMARK [2][-]{subsection.8.2}{\376\377\000B\000i\000n\000d\000i\000n\000g\000\040\000a\000s\000\040\000G\000e\000o\000m\000e\000t\000r\000i\000c\000\040\000I\000n\000t\000e\000r\000s\000e\000c\000t\000i\000o\000n}{section.8}% 33
\BOOKMARK [2][-]{subsection.8.3}{\376\377\000T\000r\000a\000i\000n\000i\000n\000g}{section.8}% 34
\BOOKMARK [1][-]{section.9}{\376\377\000T\000h\000e\000\040\000D\000i\000s\000e\000a\000s\000e\000\040\000P\000r\000o\000b\000e\000\040\000M\000o\000d\000e\000l}{part.3}% 35
\BOOKMARK [2][-]{subsection.9.1}{\376\377\000A\000r\000c\000h\000i\000t\000e\000c\000t\000u\000r\000e}{section.9}% 36
\BOOKMARK [2][-]{subsection.9.2}{\376\377\000P\000a\000t\000h\000o\000g\000e\000n\000i\000c\000i\000t\000y\000\040\000a\000s\000\040\000A\000d\000d\000r\000e\000s\000s\000\040\000D\000e\000v\000i\000a\000t\000i\000o\000n}{section.9}% 37
\BOOKMARK [2][-]{subsection.9.3}{\376\377\000T\000r\000a\000i\000n\000i\000n\000g}{section.9}% 38
\BOOKMARK [1][-]{section.10}{\376\377\000T\000h\000e\000\040\000D\000e\000s\000i\000g\000n\000\040\000P\000r\000o\000b\000e\000\040\000M\000o\000d\000e\000l}{part.3}% 39
\BOOKMARK [2][-]{subsection.10.1}{\376\377\000A\000r\000c\000h\000i\000t\000e\000c\000t\000u\000r\000e}{section.10}% 40
\BOOKMARK [2][-]{subsection.10.2}{\376\377\000I\000n\000v\000e\000r\000s\000e\000\040\000T\000r\000a\000j\000e\000c\000t\000o\000r\000y\000\040\000C\000o\000m\000p\000l\000e\000t\000i\000o\000n}{section.10}% 41
\BOOKMARK [2][-]{subsection.10.3}{\376\377\000T\000r\000a\000i\000n\000i\000n\000g}{section.10}% 42
\BOOKMARK [0][-]{part.4}{\376\377\000I\000V\000\040\000I\000n\000t\000e\000g\000r\000a\000t\000i\000o\000n\000\040\000A\000r\000c\000h\000i\000t\000e\000c\000t\000u\000r\000e}{}% 43
\BOOKMARK [1][-]{section.11}{\376\377\000T\000h\000e\000\040\000P\000r\000o\000b\000e\000-\000E\000n\000g\000i\000n\000e\000\040\000I\000n\000t\000e\000r\000f\000a\000c\000e}{part.4}% 44
\BOOKMARK [2][-]{subsection.11.1}{\376\377\000I\000n\000t\000e\000r\000f\000a\000c\000e\000\040\000D\000e\000f\000i\000n\000i\000t\000i\000o\000n}{section.11}% 45
\BOOKMARK [2][-]{subsection.11.2}{\376\377\000E\000n\000d\000-\000t\000o\000-\000E\000n\000d\000\040\000P\000i\000p\000e\000l\000i\000n\000e}{section.11}% 46
\BOOKMARK [1][-]{section.12}{\376\377\000M\000u\000l\000t\000i\000-\000M\000o\000d\000e\000l\000\040\000O\000r\000c\000h\000e\000s\000t\000r\000a\000t\000i\000o\000n}{part.4}% 47
\BOOKMARK [2][-]{subsection.12.1}{\376\377\000M\000o\000d\000e\000l\000\040\000O\000r\000a\000c\000l\000e}{section.12}% 48
\BOOKMARK [2][-]{subsection.12.2}{\376\377\000P\000r\000o\000b\000e\000\040\000C\000o\000m\000p\000o\000s\000i\000t\000i\000o\000n}{section.12}% 49
\BOOKMARK [1][-]{section.13}{\376\377\000C\000o\000m\000p\000a\000r\000i\000s\000o\000n\000\040\000w\000i\000t\000h\000\040\000E\000x\000i\000s\000t\000i\000n\000g\000\040\000A\000p\000p\000r\000o\000a\000c\000h\000e\000s}{part.4}% 50
\BOOKMARK [2][-]{subsection.13.1}{\376\377\000v\000s\000.\000\040\000A\000l\000p\000h\000a\000F\000o\000l\000d}{section.13}% 51
\BOOKMARK [2][-]{subsection.13.2}{\376\377\000v\000s\000.\000\040\000E\000S\000M\000\040\000a\000n\000d\000\040\000P\000r\000o\000t\000e\000i\000n\000\040\000L\000a\000n\000g\000u\000a\000g\000e\000\040\000M\000o\000d\000e\000l\000s}{section.13}% 52
\BOOKMARK [2][-]{subsection.13.3}{\376\377\000v\000s\000.\000\040\000M\000o\000l\000e\000c\000u\000l\000a\000r\000\040\000D\000y\000n\000a\000m\000i\000c\000s}{section.13}% 53
\BOOKMARK [2][-]{subsection.13.4}{\376\377\000v\000s\000.\000\040\000R\000A\000G\000\040\000S\000y\000s\000t\000e\000m\000s}{section.13}% 54
\BOOKMARK [2][-]{subsection.13.5}{\376\377\000C\000o\000m\000p\000a\000r\000a\000t\000i\000v\000e\000\040\000A\000n\000a\000l\000y\000s\000i\000s}{section.13}% 55
\BOOKMARK [0][-]{part.5}{\376\377\000V\000\040\000V\000a\000l\000i\000d\000a\000t\000i\000o\000n\000\040\000P\000r\000o\000t\000o\000c\000o\000l}{}% 56
\BOOKMARK [1][-]{section.14}{\376\377\000V\000a\000l\000i\000d\000a\000t\000i\000o\000n\000\040\000F\000r\000a\000m\000e\000w\000o\000r\000k}{part.5}% 57
\BOOKMARK [2][-]{subsection.14.1}{\376\377\000F\000o\000l\000d\000i\000n\000g\000\040\000P\000r\000o\000b\000e\000\040\000V\000a\000l\000i\000d\000a\000t\000i\000o\000n}{section.14}% 58
\BOOKMARK [2][-]{subsection.14.2}{\376\377\000B\000i\000n\000d\000i\000n\000g\000\040\000P\000r\000o\000b\000e\000\040\000V\000a\000l\000i\000d\000a\000t\000i\000o\000n}{section.14}% 59
\BOOKMARK [2][-]{subsection.14.3}{\376\377\000D\000i\000s\000e\000a\000s\000e\000\040\000P\000r\000o\000b\000e\000\040\000V\000a\000l\000i\000d\000a\000t\000i\000o\000n}{section.14}% 60
\BOOKMARK [2][-]{subsection.14.4}{\376\377\000D\000e\000s\000i\000g\000n\000\040\000P\000r\000o\000b\000e\000\040\000V\000a\000l\000i\000d\000a\000t\000i\000o\000n}{section.14}% 61
\BOOKMARK [1][-]{section.15}{\376\377\000P\000r\000e\000d\000i\000c\000t\000e\000d\000\040\000P\000e\000r\000f\000o\000r\000m\000a\000n\000c\000e\000\040\000C\000h\000a\000r\000a\000c\000t\000e\000r\000i\000s\000t\000i\000c\000s}{part.5}% 62
\BOOKMARK [2][-]{subsection.15.1}{\376\377\000L\000a\000t\000e\000n\000c\000y\000\040\000A\000n\000a\000l\000y\000s\000i\000s}{section.15}% 63
\BOOKMARK [2][-]{subsection.15.2}{\376\377\000S\000t\000o\000r\000a\000g\000e\000\040\000A\000n\000a\000l\000y\000s\000i\000s}{section.15}% 64
\BOOKMARK [2][-]{subsection.15.3}{\376\377\000O\000p\000e\000r\000a\000t\000i\000o\000n\000\040\000C\000o\000m\000p\000l\000e\000x\000i\000t\000y}{section.15}% 65
\BOOKMARK [2][-]{subsection.15.4}{\376\377\000A\000c\000c\000u\000r\000a\000c\000y\000\040\000F\000r\000a\000m\000e\000w\000o\000r\000k}{section.15}% 66
\BOOKMARK [0][-]{part.6}{\376\377\000V\000I\000\040\000D\000i\000s\000c\000u\000s\000s\000i\000o\000n\000\040\000a\000n\000d\000\040\000C\000o\000n\000c\000l\000u\000s\000i\000o\000n}{}% 67
\BOOKMARK [1][-]{section.16}{\376\377\000D\000i\000s\000c\000u\000s\000s\000i\000o\000n}{part.6}% 68
\BOOKMARK [2][-]{subsection.16.1}{\376\377\000W\000h\000a\000t\000\040\000H\000a\000s\000\040\000B\000e\000e\000n\000\040\000D\000e\000r\000i\000v\000e\000d}{section.16}% 69
\BOOKMARK [2][-]{subsection.16.2}{\376\377\000T\000h\000e\000\040\000C\000o\000m\000p\000i\000l\000e\000r\000-\000C\000P\000U\000\040\000A\000n\000a\000l\000o\000g\000y}{section.16}% 70
\BOOKMARK [2][-]{subsection.16.3}{\376\377\000M\000o\000d\000e\000l\000s\000\040\000a\000s\000\040\000C\000o\000m\000p\000i\000l\000e\000d\000\040\000P\000r\000o\000b\000e\000s\000,\000\040\000N\000o\000t\000\040\000K\000n\000o\000w\000l\000e\000d\000g\000e\000\040\000S\000t\000o\000r\000e\000s}{section.16}% 71
\BOOKMARK [2][-]{subsection.16.4}{\376\377\000T\000h\000e\000\040\000E\000m\000p\000t\000y\000\040\000D\000i\000c\000t\000i\000o\000n\000a\000r\000y\000\040\000S\000t\000o\000r\000e\000s\000\040\000N\000o\000t\000h\000i\000n\000g\000;\000\040\000t\000h\000e\000\040\000M\000o\000d\000e\000l\000s\000\040\000K\000n\000o\000w\000\040\000H\000o\000w\000\040\000t\000o\000\040\000A\000s\000k}{section.16}% 72
\BOOKMARK [2][-]{subsection.16.5}{\376\377\000L\000i\000m\000i\000t\000a\000t\000i\000o\000n\000s}{section.16}% 73
\BOOKMARK [2][-]{subsection.16.6}{\376\377\000R\000e\000l\000a\000t\000i\000o\000n\000s\000h\000i\000p\000\040\000t\000o\000\040\000t\000h\000e\000\040\000B\000r\000o\000a\000d\000e\000r\000\040\000L\000e\000v\000i\000n\000t\000h\000a\000l\000\040\000F\000r\000a\000m\000e\000w\000o\000r\000k}{section.16}% 74
\BOOKMARK [1][-]{section.17}{\376\377\000C\000o\000n\000c\000l\000u\000s\000i\000o\000n}{part.6}% 75
\BOOKMARK [2][-]{subsection.17.1}{\376\377\000P\000r\000i\000n\000c\000i\000p\000a\000l\000\040\000R\000e\000s\000u\000l\000t\000s}{section.17}% 76
\BOOKMARK [2][-]{subsection.17.2}{\376\377\000T\000h\000e\000\040\000S\000y\000n\000t\000h\000e\000s\000i\000s}{section.17}% 77
