\BOOKMARK [0][-]{section*.2}{\376\377\000D\000i\000r\000e\000c\000t\000\040\000O\000b\000s\000e\000r\000v\000a\000t\000i\000o\000n\000\040\000o\000f\000\040\000C\000a\000t\000e\000g\000o\000r\000i\000c\000a\000l\000\040\000A\000p\000e\000r\000t\000u\000r\000e\000\040\000T\000r\000a\000v\000e\000r\000s\000a\000l\000\040\000i\000n\000\040\000C\000a\000r\000b\000o\000n\000i\000c\000\040\000A\000n\000h\000y\000d\000r\000a\000s\000e\000\040\000I\000I\000:\000\040\000A\000\040\000G\000e\000o\000m\000e\000t\000r\000i\000c\000\040\000F\000r\000a\000m\000e\000w\000o\000r\000k\000\040\000f\000o\000r\000\040\000E\000n\000z\000y\000m\000e\000\040\000C\000a\000t\000a\000l\000y\000s\000i\000s}{}% 2
\BOOKMARK [1][-]{section*.1}{\376\377\000A\000b\000s\000t\000r\000a\000c\000t}{section*.2}% 1
\BOOKMARK [1][-]{section*.3}{\376\377\000I\000n\000t\000r\000o\000d\000u\000c\000t\000i\000o\000n}{section*.2}% 3
\BOOKMARK [2][-]{section*.4}{\376\377\000T\000h\000e\000\040\000C\000a\000t\000a\000l\000y\000s\000i\000s\000\040\000P\000r\000o\000b\000l\000e\000m}{section*.3}% 4
\BOOKMARK [2][-]{section*.5}{\376\377\000C\000a\000r\000b\000o\000n\000i\000c\000\040\000A\000n\000h\000y\000d\000r\000a\000s\000e\000\040\000I\000I\000:\000\040\000A\000\040\000M\000o\000d\000e\000l\000\040\000S\000y\000s\000t\000e\000m}{section*.3}% 5
\BOOKMARK [2][-]{section*.6}{\376\377\000T\000h\000r\000e\000e\000\040\000P\000a\000r\000a\000d\000o\000x\000e\000s\000\040\000o\000f\000\040\000E\000n\000z\000y\000m\000e\000\040\000C\000a\000t\000a\000l\000y\000s\000i\000s}{section*.3}% 6
\BOOKMARK [2][-]{section*.7}{\376\377\000C\000a\000t\000e\000g\000o\000r\000i\000c\000a\000l\000\040\000C\000a\000t\000a\000l\000y\000s\000i\000s\000:\000\040\000A\000n\000\040\000A\000l\000t\000e\000r\000n\000a\000t\000i\000v\000e\000\040\000F\000r\000a\000m\000e\000w\000o\000r\000k}{section*.3}% 7
\BOOKMARK [2][-]{section*.8}{\376\377\000Z\000e\000r\000o\000-\000B\000a\000c\000k\000a\000c\000t\000i\000o\000n\000\040\000M\000e\000a\000s\000u\000r\000e\000m\000e\000n\000t}{section*.3}% 8
\BOOKMARK [2][-]{section*.9}{\376\377\000O\000u\000t\000l\000i\000n\000e}{section*.3}% 9
\BOOKMARK [1][-]{section*.10}{\376\377\000T\000h\000e\000o\000r\000e\000t\000i\000c\000a\000l\000\040\000F\000r\000a\000m\000e\000w\000o\000r\000k}{section*.2}% 10
\BOOKMARK [2][-]{section*.11}{\376\377\000C\000o\000n\000f\000i\000g\000u\000r\000a\000t\000i\000o\000n\000\040\000S\000p\000a\000c\000e\000\040\000a\000n\000d\000\040\000C\000a\000t\000e\000g\000o\000r\000i\000c\000a\000l\000\040\000S\000t\000a\000t\000e\000s}{section*.10}% 11
\BOOKMARK [2][-]{section*.12}{\376\377\000C\000a\000t\000e\000g\000o\000r\000i\000c\000a\000l\000\040\000A\000p\000e\000r\000t\000u\000r\000e\000s}{section*.10}% 12
\BOOKMARK [2][-]{section*.13}{\376\377\000P\000h\000a\000s\000e\000-\000L\000o\000c\000k\000\040\000N\000e\000t\000w\000o\000r\000k\000s}{section*.10}% 13
\BOOKMARK [2][-]{section*.14}{\376\377\000C\000a\000t\000e\000g\000o\000r\000i\000c\000a\000l\000\040\000D\000i\000s\000t\000a\000n\000c\000e}{section*.10}% 14
\BOOKMARK [2][-]{section*.15}{\376\377\000T\000h\000e\000\040\000C\000a\000t\000e\000g\000o\000r\000i\000c\000a\000l\000\040\000T\000u\000r\000n\000o\000v\000e\000r\000\040\000E\000q\000u\000a\000t\000i\000o\000n}{section*.10}% 15
\BOOKMARK [2][-]{section*.16}{\376\377\000Z\000e\000r\000o\000-\000B\000a\000c\000k\000a\000c\000t\000i\000o\000n\000\040\000M\000e\000a\000s\000u\000r\000e\000m\000e\000n\000t\000\040\000T\000h\000e\000o\000r\000y}{section*.10}% 16
\BOOKMARK [1][-]{section*.17}{\376\377\000M\000e\000t\000h\000o\000d\000s}{section*.2}% 17
\BOOKMARK [2][-]{section*.18}{\376\377\000A\000c\000t\000i\000v\000e\000\040\000S\000i\000t\000e\000\040\000G\000e\000o\000m\000e\000t\000r\000y}{section*.17}% 18
\BOOKMARK [2][-]{section*.19}{\376\377\000P\000h\000a\000s\000e\000-\000L\000o\000c\000k\000\040\000N\000e\000t\000w\000o\000r\000k\000\040\000C\000o\000n\000s\000t\000r\000u\000c\000t\000i\000o\000n}{section*.17}% 19
\BOOKMARK [2][-]{section*.20}{\376\377\000M\000e\000a\000s\000u\000r\000e\000m\000e\000n\000t\000\040\000P\000r\000o\000t\000o\000c\000o\000l}{section*.17}% 20
\BOOKMARK [2][-]{section*.21}{\376\377\000C\000a\000t\000e\000g\000o\000r\000i\000c\000a\000l\000\040\000S\000t\000a\000t\000e\000\040\000C\000l\000a\000s\000s\000i\000f\000i\000c\000a\000t\000i\000o\000n}{section*.17}% 21
\BOOKMARK [2][-]{section*.22}{\376\377\000S\000i\000m\000u\000l\000a\000t\000i\000o\000n\000\040\000M\000e\000t\000h\000o\000d\000o\000l\000o\000g\000y}{section*.17}% 22
\BOOKMARK [1][-]{section*.23}{\376\377\000R\000e\000s\000u\000l\000t\000s}{section*.2}% 23
\BOOKMARK [2][-]{section*.24}{\376\377\000T\000r\000a\000j\000e\000c\000t\000o\000r\000y\000\040\000O\000b\000s\000e\000r\000v\000a\000t\000i\000o\000n}{section*.23}% 24
\BOOKMARK [2][-]{section*.25}{\376\377\000C\000a\000t\000e\000g\000o\000r\000i\000c\000a\000l\000\040\000D\000i\000s\000t\000a\000n\000c\000e\000\040\000V\000a\000l\000i\000d\000a\000t\000i\000o\000n}{section*.23}% 25
\BOOKMARK [2][-]{section*.26}{\376\377\000Z\000e\000r\000o\000-\000B\000a\000c\000k\000a\000c\000t\000i\000o\000n\000\040\000V\000a\000l\000i\000d\000a\000t\000i\000o\000n}{section*.23}% 26
\BOOKMARK [2][-]{section*.27}{\376\377\000P\000h\000a\000s\000e\000\040\000C\000o\000h\000e\000r\000e\000n\000c\000e}{section*.23}% 27
\BOOKMARK [2][-]{section*.28}{\376\377\000T\000u\000r\000n\000o\000v\000e\000r\000\040\000P\000r\000e\000d\000i\000c\000t\000i\000o\000n}{section*.23}% 28
\BOOKMARK [2][-]{section*.29}{\376\377\000C\000o\000m\000p\000a\000r\000i\000s\000o\000n\000\040\000w\000i\000t\000h\000\040\000O\000t\000h\000e\000r\000\040\000E\000n\000z\000y\000m\000e\000s}{section*.23}% 29
\BOOKMARK [1][-]{section*.30}{\376\377\000D\000i\000s\000c\000u\000s\000s\000i\000o\000n}{section*.2}% 30
\BOOKMARK [2][-]{section*.31}{\376\377\000W\000h\000y\000\040\000C\000A\000\040\000I\000I\000\040\000i\000s\000\040\000`\000`\000F\000a\000s\000t\000'\000'}{section*.30}% 31
\BOOKMARK [2][-]{section*.32}{\376\377\000R\000e\000s\000o\000l\000u\000t\000i\000o\000n\000\040\000o\000f\000\040\000t\000h\000e\000\040\000T\000h\000r\000e\000e\000\040\000P\000a\000r\000a\000d\000o\000x\000e\000s}{section*.30}% 32
\BOOKMARK [2][-]{section*.33}{\376\377\000N\000o\000\040\000M\000a\000x\000w\000e\000l\000l\000'\000s\000\040\000D\000e\000m\000o\000n}{section*.30}% 33
\BOOKMARK [2][-]{section*.34}{\376\377\000C\000o\000m\000p\000a\000r\000i\000s\000o\000n\000\040\000w\000i\000t\000h\000\040\000T\000r\000a\000d\000i\000t\000i\000o\000n\000a\000l\000\040\000T\000h\000e\000o\000r\000i\000e\000s}{section*.30}% 34
\BOOKMARK [2][-]{section*.35}{\376\377\000I\000m\000p\000l\000i\000c\000a\000t\000i\000o\000n\000s\000\040\000f\000o\000r\000\040\000E\000n\000z\000y\000m\000e\000\040\000D\000e\000s\000i\000g\000n}{section*.30}% 35
\BOOKMARK [2][-]{section*.36}{\376\377\000L\000i\000m\000i\000t\000a\000t\000i\000o\000n\000s\000\040\000a\000n\000d\000\040\000F\000u\000t\000u\000r\000e\000\040\000W\000o\000r\000k}{section*.30}% 36
\BOOKMARK [1][-]{section*.37}{\376\377\000C\000o\000n\000c\000l\000u\000s\000i\000o\000n}{section*.2}% 37
\BOOKMARK [1][-]{section*.38}{\376\377\000A\000c\000k\000n\000o\000w\000l\000e\000d\000g\000m\000e\000n\000t\000s}{section*.2}% 38
\BOOKMARK [1][-]{section*.39}{\376\377\000C\000o\000d\000e\000\040\000a\000n\000d\000\040\000D\000a\000t\000a\000\040\000A\000v\000a\000i\000l\000a\000b\000i\000l\000i\000t\000y}{section*.2}% 39
\BOOKMARK [1][-]{section*.40}{\376\377\000R\000e\000f\000e\000r\000e\000n\000c\000e\000s}{section*.2}% 40
