\BOOKMARK [0][-]{part.1}{\376\377\000I\000\040\000F\000o\000u\000n\000d\000a\000t\000i\000o\000n\000s}{}% 1
\BOOKMARK [1][-]{section.1}{\376\377\000I\000n\000t\000r\000o\000d\000u\000c\000t\000i\000o\000n}{part.1}% 2
\BOOKMARK [2][-]{subsection.1.1}{\376\377\000T\000h\000e\000\040\000C\000o\000m\000p\000o\000u\000n\000d\000\040\000I\000\040\000P\000r\000o\000b\000l\000e\000m}{section.1}% 3
\BOOKMARK [2][-]{subsection.1.2}{\376\377\000W\000h\000a\000t\000\040\000T\000h\000i\000s\000\040\000P\000a\000p\000e\000r\000\040\000D\000o\000e\000s}{section.1}% 4
\BOOKMARK [2][-]{subsection.1.3}{\376\377\000P\000a\000p\000e\000r\000\040\000S\000t\000r\000u\000c\000t\000u\000r\000e}{section.1}% 5
\BOOKMARK [1][-]{section.2}{\376\377\000F\000o\000u\000n\000d\000a\000t\000i\000o\000n\000s\000:\000\040\000R\000e\000c\000e\000i\000v\000e\000r\000,\000\040\000B\000o\000n\000d\000-\000O\000r\000d\000e\000r\000\040\000C\000o\000o\000r\000d\000i\000n\000a\000t\000e\000,\000\040\000a\000n\000d\000\040\000A\000n\000h\000a\000r\000m\000o\000n\000i\000c\000\040\000N\000o\000n\000-\000R\000e\000c\000u\000r\000r\000e\000n\000c\000e}{part.1}% 6
\BOOKMARK [2][-]{subsection.2.1}{\376\377\000R\000e\000c\000a\000p}{section.2}% 7
\BOOKMARK [2][-]{subsection.2.2}{\376\377\000T\000h\000e\000\040\000B\000o\000n\000d\000-\000O\000r\000d\000e\000r\000\040\000P\000a\000r\000t\000i\000t\000i\000o\000n\000\040\000C\000o\000o\000r\000d\000i\000n\000a\000t\000e}{section.2}% 8
\BOOKMARK [2][-]{subsection.2.3}{\376\377\000T\000h\000e\000\040\000A\000n\000h\000a\000r\000m\000o\000n\000i\000c\000\040\000N\000o\000n\000-\000R\000e\000c\000u\000r\000r\000e\000n\000c\000e\000\040\000T\000h\000e\000o\000r\000e\000m}{section.2}% 9
\BOOKMARK [2][-]{subsection.2.4}{\376\377\000T\000h\000e\000\040\000R\000e\000c\000e\000i\000v\000e\000r\000\040\000T\000r\000e\000e\000\040\000a\000t\000\040\000t\000h\000e\000\040\000C\000p\000d\000\040\0000\000\040\000/\000\040\000C\000p\000d\000\040\000I\000\040\000T\000r\000a\000n\000s\000i\000t\000i\000o\000n}{section.2}% 10
\BOOKMARK [0][-]{part.2}{\376\377\000I\000I\000\040\000T\000h\000e\000\040\000P\000e\000r\000o\000x\000o\000\040\000I\000n\000t\000e\000r\000m\000e\000d\000i\000a\000t\000e\000\040\000\050\000C\000p\000d\000\040\0000\000\051}{}% 11
\BOOKMARK [1][-]{section.3}{\376\377\000T\000h\000e\000\040\000P\000e\000r\000o\000x\000o\000\040\000S\000t\000a\000t\000e}{part.2}% 12
\BOOKMARK [2][-]{subsection.3.1}{\376\377\000E\000l\000e\000c\000t\000r\000o\000n\000i\000c\000\040\000S\000t\000r\000u\000c\000t\000u\000r\000e}{section.3}% 13
\BOOKMARK [2][-]{subsection.3.2}{\376\377\000C\000p\000d\000\040\0000\000\040\000C\000a\000t\000e\000g\000o\000r\000i\000c\000a\000l\000\040\000A\000d\000d\000r\000e\000s\000s}{section.3}% 14
\BOOKMARK [0][-]{part.3}{\376\377\000I\000I\000I\000\040\000T\000h\000e\000\040\000O\040\023\000O\000\040\000C\000l\000e\000a\000v\000a\000g\000e\000\040\000A\000p\000e\000r\000t\000u\000r\000e}{}% 15
\BOOKMARK [1][-]{section.4}{\376\377\000T\000h\000e\000\040\000B\000o\000n\000d\000-\000O\000r\000d\000e\000r\000\040\000P\000a\000r\000t\000i\000t\000i\000o\000n\000\040\000T\000r\000a\000j\000e\000c\000t\000o\000r\000y}{part.3}% 16
\BOOKMARK [2][-]{subsection.4.1}{\376\377\000B\000o\000n\000d\000-\000O\000r\000d\000e\000r\000\040\000S\000t\000a\000t\000e\000\040\000D\000e\000f\000i\000n\000i\000t\000i\000o\000n}{section.4}% 17
\BOOKMARK [2][-]{subsection.4.2}{\376\377\000P\000a\000r\000t\000i\000t\000i\000o\000n\000-\000D\000e\000p\000t\000h\000\040\000C\000h\000a\000n\000g\000e}{section.4}% 18
\BOOKMARK [1][-]{section.5}{\376\377\000O\040\023\000O\000\040\000H\000e\000t\000e\000r\000o\000l\000y\000s\000i\000s\000\040\000a\000s\000\040\000d\000C\000=\000\040\0001\000\040\000A\000p\000e\000r\000t\000u\000r\000e}{part.3}% 19
\BOOKMARK [2][-]{subsection.5.1}{\376\377\000S\000i\000n\000g\000l\000e\000-\000A\000p\000e\000r\000t\000u\000r\000e\000\040\000T\000r\000e\000a\000t\000m\000e\000n\000t}{section.5}% 20
\BOOKMARK [2][-]{subsection.5.2}{\376\377\000A\000c\000t\000i\000v\000a\000t\000i\000o\000n\000\040\000E\000n\000e\000r\000g\000y\000\040\000f\000r\000o\000m\000\040\000M}{section.5}% 21
\BOOKMARK [1][-]{section.6}{\376\377\000A\000n\000h\000a\000r\000m\000o\000n\000i\000c\000\040\000N\000o\000n\000-\000R\000e\000c\000u\000r\000r\000e\000n\000c\000e\000\040\000a\000n\000d\000\040\000t\000h\000e\000\040\000C\000l\000e\000a\000v\000a\000g\000e\000\040\000M\000e\000c\000h\000a\000n\000i\000s\000m}{part.3}% 22
\BOOKMARK [2][-]{subsection.6.1}{\376\377\000T\000h\000e\000\040\000O\040\023\000O\000\040\000B\000o\000n\000d\000\040\000a\000s\000\040\000A\000n\000h\000a\000r\000m\000o\000n\000i\000c\000\040\000O\000s\000c\000i\000l\000l\000a\000t\000o\000r}{section.6}% 23
\BOOKMARK [2][-]{subsection.6.2}{\376\377\000R\000e\000p\000l\000a\000c\000i\000n\000g\000\040\000t\000h\000e\000\040\000B\000a\000r\000r\000i\000e\000r\000\040\000P\000i\000c\000t\000u\000r\000e}{section.6}% 24
\BOOKMARK [0][-]{part.4}{\376\377\000I\000V\000\040\000P\000r\000o\000t\000o\000n\000-\000C\000o\000u\000p\000l\000e\000d\000\040\000E\000l\000e\000c\000t\000r\000o\000n\000\040\000T\000r\000a\000n\000s\000f\000e\000r\000\040\000\050\000P\000C\000E\000T\000\051}{}% 25
\BOOKMARK [1][-]{section.7}{\376\377\000T\000h\000e\000\040\000P\000C\000E\000T\000\040\000C\000o\000m\000p\000o\000n\000e\000n\000t}{part.4}% 26
\BOOKMARK [2][-]{subsection.7.1}{\376\377\000C\000o\000n\000c\000e\000r\000t\000e\000d\000\040\000v\000s\000\040\000S\000e\000q\000u\000e\000n\000t\000i\000a\000l}{section.7}% 27
\BOOKMARK [2][-]{subsection.7.2}{\376\377\000D\000i\000s\000c\000r\000i\000m\000i\000n\000a\000t\000i\000o\000n\000\040\000b\000y\000\040\000C\000a\000t\000e\000g\000o\000r\000i\000c\000a\000l\000\040\000E\000f\000f\000i\000c\000i\000e\000n\000c\000y}{section.7}% 28
\BOOKMARK [1][-]{section.8}{\376\377\000C\000o\000n\000c\000e\000r\000t\000e\000d\000\040\000P\000C\000E\000T\000\040\000i\000n\000\040\000P\0004\0005\0000}{part.4}% 29
\BOOKMARK [2][-]{subsection.8.1}{\376\377\000T\000h\000e\000\040\000C\000o\000n\000c\000e\000r\000t\000e\000d\000\040\000P\000a\000t\000h}{section.8}% 30
\BOOKMARK [0][-]{part.5}{\376\377\000V\000\040\000C\000o\000m\000p\000o\000u\000n\000d\000\040\000I\000\040\000I\000t\000s\000e\000l\000f}{}% 31
\BOOKMARK [1][-]{section.9}{\376\377\000T\000h\000e\000\040\000C\000p\000d\000\040\000I\000\040\000E\000l\000e\000c\000t\000r\000o\000n\000i\000c\000\040\000S\000t\000a\000t\000e}{part.5}% 32
\BOOKMARK [2][-]{subsection.9.1}{\376\377\000S\000p\000i\000n\000-\000C\000o\000u\000p\000l\000e\000d\000\040\000M\000u\000l\000t\000i\000-\000E\000l\000e\000c\000t\000r\000o\000n\000\040\000T\000r\000e\000a\000t\000m\000e\000n\000t}{section.9}% 33
\BOOKMARK [1][-]{section.10}{\376\377\000C\000p\000d\000\040\000I\000\040\000C\000a\000t\000e\000g\000o\000r\000i\000c\000a\000l\000\040\000A\000d\000d\000r\000e\000s\000s}{part.5}% 34
\BOOKMARK [2][-]{subsection.10.1}{\376\377\000S\000-\000C\000o\000o\000r\000d\000i\000n\000a\000t\000e}{section.10}% 35
\BOOKMARK [2][-]{subsection.10.2}{\376\377\000P\000a\000r\000t\000i\000t\000i\000o\000n\000\040\000D\000e\000p\000t\000h\000\040\000a\000n\000d\000\040\000M\000\040\000f\000r\000o\000m\000\040\000C\000p\000d\000\040\0000}{section.10}% 36
\BOOKMARK [1][-]{section.11}{\376\377\000C\000p\000d\000\040\000I\000\040\000L\000i\000f\000e\000t\000i\000m\000e}{part.5}% 37
\BOOKMARK [2][-]{subsection.11.1}{\376\377\000L\000i\000f\000e\000t\000i\000m\000e\000\040\000f\000r\000o\000m\000\040\000F\000o\000r\000w\000a\000r\000d\000\040\000a\000n\000d\000\040\000R\000e\000v\000e\000r\000s\000e\000\040\000A\000p\000e\000r\000t\000u\000r\000e\000s}{section.11}% 38
\BOOKMARK [1][-]{section.12}{\376\377\000C\000p\000d\000\040\000I\000\040\000O\000x\000i\000d\000a\000t\000i\000o\000n\000\040\000P\000o\000t\000e\000n\000t\000i\000a\000l}{part.5}% 39
\BOOKMARK [2][-]{subsection.12.1}{\376\377\000C\000u\000m\000u\000l\000a\000t\000i\000v\000e\000\040\000M}{section.12}% 40
\BOOKMARK [0][-]{part.6}{\376\377\000V\000I\000\040\000V\000a\000l\000i\000d\000a\000t\000i\000o\000n\000\040\000A\000g\000a\000i\000n\000s\000t\000\040\000R\000i\000t\000t\000l\000e\000-\000G\000r\000e\000e\000n\000\040\000S\000p\000e\000c\000t\000r\000o\000s\000c\000o\000p\000y}{}% 41
\BOOKMARK [1][-]{section.13}{\376\377\000V\000a\000l\000i\000d\000a\000t\000i\000o\000n\000:\000\040\000C\000p\000d\000\040\000I\000\040\000S\000p\000e\000c\000t\000r\000o\000s\000c\000o\000p\000y}{part.6}% 42
\BOOKMARK [2][-]{subsection.13.1}{\376\377\000P\000r\000e\000d\000i\000c\000t\000e\000d\000\040\000S\000p\000e\000c\000t\000r\000o\000s\000c\000o\000p\000i\000c\000\040\000O\000b\000s\000e\000r\000v\000a\000b\000l\000e\000s}{section.13}% 43
\BOOKMARK [2][-]{subsection.13.2}{\376\377\000T\000h\000e\000\040\000M\000u\000l\000t\000i\000r\000e\000f\000e\000r\000e\000n\000c\000e\000\040\000I\000s\000s\000u\000e}{section.13}% 44
\BOOKMARK [0][-]{part.7}{\376\377\000V\000I\000I\000\040\000F\000a\000l\000s\000i\000f\000i\000a\000b\000l\000e\000\040\000P\000r\000e\000d\000i\000c\000t\000i\000o\000n\000s\000,\000\040\000L\000i\000m\000i\000t\000a\000t\000i\000o\000n\000s\000,\000\040\000a\000n\000d\000\040\000C\000o\000n\000c\000l\000u\000s\000i\000o\000n}{}% 45
\BOOKMARK [1][-]{section.14}{\376\377\000F\000a\000l\000s\000i\000f\000i\000a\000b\000l\000e\000\040\000P\000r\000e\000d\000i\000c\000t\000i\000o\000n\000s}{part.7}% 46
\BOOKMARK [1][-]{section.15}{\376\377\000L\000i\000m\000i\000t\000a\000t\000i\000o\000n\000s\000\040\000a\000n\000d\000\040\000F\000u\000t\000u\000r\000e\000\040\000W\000o\000r\000k}{part.7}% 47
\BOOKMARK [1][-]{section.16}{\376\377\000C\000o\000n\000c\000l\000u\000s\000i\000o\000n}{part.7}% 48
