\BOOKMARK [0][-]{part.1}{\376\377\000I\000\040\000F\000o\000u\000n\000d\000a\000t\000i\000o\000n\000s}{}% 1
\BOOKMARK [1][-]{section.1}{\376\377\000I\000n\000t\000r\000o\000d\000u\000c\000t\000i\000o\000n}{part.1}% 2
\BOOKMARK [2][-]{subsection.1.1}{\376\377\000T\000h\000e\000\040\000S\000p\000i\000n\000-\000C\000r\000o\000s\000s\000o\000v\000e\000r\000\040\000S\000w\000i\000t\000c\000h}{section.1}% 3
\BOOKMARK [2][-]{subsection.1.2}{\376\377\000W\000h\000a\000t\000\040\000T\000h\000i\000s\000\040\000P\000a\000p\000e\000r\000\040\000D\000o\000e\000s}{section.1}% 4
\BOOKMARK [2][-]{subsection.1.3}{\376\377\000P\000a\000p\000e\000r\000\040\000S\000t\000r\000u\000c\000t\000u\000r\000e}{section.1}% 5
\BOOKMARK [1][-]{section.2}{\376\377\000F\000o\000u\000n\000d\000a\000t\000i\000o\000n\000s\000:\000\040\000T\000h\000e\000\040\000R\000e\000c\000e\000i\000v\000e\000r\000\040\000a\000n\000d\000\040\000C\000l\000o\000s\000e\000d\000-\000F\000o\000r\000m\000\040\000F\000u\000n\000c\000t\000o\000r\000s}{part.1}% 6
\BOOKMARK [2][-]{subsection.2.1}{\376\377\000R\000e\000c\000a\000p}{section.2}% 7
\BOOKMARK [2][-]{subsection.2.2}{\376\377\000C\000l\000o\000s\000e\000d\000-\000F\000o\000r\000m\000\040\000C\000o\000n\000v\000e\000r\000s\000i\000o\000n\000\040\000F\000u\000n\000c\000t\000o\000r\000s}{section.2}% 8
\BOOKMARK [2][-]{subsection.2.3}{\376\377\000T\000h\000e\000\040\000H\000e\000m\000e\000-\000I\000r\000o\000n\000\040\000R\000e\000f\000e\000r\000e\000n\000c\000e\000\040\000A\000d\000d\000r\000e\000s\000s}{section.2}% 9
\BOOKMARK [0][-]{part.2}{\376\377\000I\000I\000\040\000T\000h\000e\000\040\000R\000e\000s\000t\000i\000n\000g\000\040\000S\000t\000a\000t\000e\000\040\000\050\000F\000e\0003\000+\000-\000H\0002\000O\000,\000\040\000P\000D\000B\000\040\0001\000T\000Q\000N\000\051}{}% 10
\BOOKMARK [1][-]{section.3}{\376\377\000T\000h\000e\000\040\000R\000e\000c\000e\000i\000v\000e\000r\000\040\000T\000r\000e\000e\000\040\000a\000t\000\040\000t\000h\000e\000\040\000R\000e\000s\000t\000i\000n\000g\000\040\000S\000t\000a\000t\000e}{part.2}% 11
\BOOKMARK [2][-]{subsection.3.1}{\376\377\000T\000o\000p\000-\000L\000e\000v\000e\000l\000\040\000D\000e\000c\000o\000m\000p\000o\000s\000i\000t\000i\000o\000n}{section.3}% 12
\BOOKMARK [2][-]{subsection.3.2}{\376\377\000T\000h\000e\000\040\000I\000-\000H\000e\000l\000i\000x\000\040\000W\000a\000t\000e\000r\000\040\000C\000l\000u\000s\000t\000e\000r\000\040\000a\000s\000\040\000S\000u\000b\000-\000R\000e\000c\000e\000i\000v\000e\000r}{section.3}% 13
\BOOKMARK [2][-]{subsection.3.3}{\376\377\000O\000p\000e\000r\000a\000t\000i\000o\000n\000a\000l\000\040\000R\000e\000g\000i\000m\000e\000:\000\040\000C\000o\000h\000e\000r\000e\000n\000t}{section.3}% 14
\BOOKMARK [1][-]{section.4}{\376\377\000T\000h\000e\000\040\000H\000e\000m\000e\000-\000P\000o\000c\000k\000e\000t\000\040\000C\000a\000p\000a\000c\000i\000t\000o\000r}{part.2}% 15
\BOOKMARK [2][-]{subsection.4.1}{\376\377\000C\000a\000p\000a\000c\000i\000t\000o\000r\000\040\000G\000e\000o\000m\000e\000t\000r\000y}{section.4}% 16
\BOOKMARK [2][-]{subsection.4.2}{\376\377\000C\000a\000p\000a\000c\000i\000t\000a\000n\000c\000e\000\040\000a\000n\000d\000\040\000E\000n\000e\000r\000g\000y\000\040\000S\000t\000o\000r\000a\000g\000e}{section.4}% 17
\BOOKMARK [2][-]{subsection.4.3}{\376\377\000C\000a\000p\000a\000c\000i\000t\000o\000r\000\040\000D\000i\000s\000c\000h\000a\000r\000g\000e\000\040\000a\000s\000\040\000E\000l\000e\000c\000t\000r\000o\000n\000\040\000A\000c\000c\000e\000p\000t\000a\000n\000c\000e}{section.4}% 18
\BOOKMARK [1][-]{section.5}{\376\377\000T\000h\000e\000\040\000I\000-\000H\000e\000l\000i\000x\000\040\000W\000a\000t\000e\000r\000\040\000C\000l\000u\000s\000t\000e\000r\000:\000\040\000V\000a\000r\000i\000a\000n\000c\000e\040\023\000F\000r\000e\000e\000-\000E\000n\000e\000r\000g\000y\000\040\000o\000f\000\040\000t\000h\000e\000\040\000D\000i\000s\000t\000a\000l\000\040\000N\000e\000t\000w\000o\000r\000k}{part.2}% 19
\BOOKMARK [2][-]{subsection.5.1}{\376\377\000T\000h\000e\000\040\000V\000a\000r\000i\000a\000n\000c\000e\040\023\000F\000r\000e\000e\000-\000E\000n\000e\000r\000g\000y\000\040\000I\000d\000e\000n\000t\000i\000t\000y}{section.5}% 20
\BOOKMARK [2][-]{subsection.5.2}{\376\377\000T\000h\000e\000\040\000I\000-\000H\000e\000l\000i\000x\000\040\000W\000a\000t\000e\000r\000\040\000C\000l\000u\000s\000t\000e\000r}{section.5}% 21
\BOOKMARK [2][-]{subsection.5.3}{\376\377\000I\000m\000p\000l\000i\000c\000a\000t\000i\000o\000n}{section.5}% 22
\BOOKMARK [1][-]{section.6}{\376\377\000V\000a\000l\000i\000d\000a\000t\000i\000o\000n\000\040\000A\000g\000a\000i\000n\000s\000t\000\040\000P\000D\000B\000\040\0001\000T\000Q\000N}{part.2}% 23
\BOOKMARK [2][-]{subsection.6.1}{\376\377\000P\000r\000e\000d\000i\000c\000t\000e\000d\000\040\000O\000b\000s\000e\000r\000v\000a\000b\000l\000e\000s}{section.6}% 24
\BOOKMARK [2][-]{subsection.6.2}{\376\377\000C\000a\000t\000e\000g\000o\000r\000i\000c\000a\000l\000\040\000A\000d\000d\000r\000e\000s\000s\000\040\000a\000t\000\040\000D\000e\000p\000t\000h\000\040\0009}{section.6}% 25
\BOOKMARK [0][-]{part.3}{\376\377\000I\000I\000I\000\040\000T\000h\000e\000\040\000S\000u\000b\000s\000t\000r\000a\000t\000e\000-\000B\000o\000u\000n\000d\000\040\000S\000t\000a\000t\000e\000\040\000\050\000F\000e\0003\000+\000\040\000H\000S\000,\000\040\000P\000D\000B\000\040\0001\000W\0000\000E\000\051}{}% 26
\BOOKMARK [1][-]{section.7}{\376\377\000T\000h\000e\000\040\000S\000u\000b\000s\000t\000r\000a\000t\000e\000\040\000L\000e\000a\000f\000\040\000A\000d\000d\000i\000t\000i\000o\000n}{part.3}% 27
\BOOKMARK [2][-]{subsection.7.1}{\376\377\000R\000e\000c\000e\000i\000v\000e\000r\000\040\000T\000r\000e\000e\000\040\000a\000t\000\040\000S\000t\000a\000t\000e\000\040\0002}{section.7}% 28
\BOOKMARK [2][-]{subsection.7.2}{\376\377\000O\000p\000e\000r\000a\000t\000i\000o\000n\000a\000l\000\040\000R\000e\000g\000i\000m\000e\000:\000\040\000L\000o\000c\000k\000e\000d}{section.7}% 29
\BOOKMARK [1][-]{section.8}{\376\377\000W\000a\000t\000e\000r\000\040\000D\000i\000s\000p\000l\000a\000c\000e\000m\000e\000n\000t\000\040\000a\000s\000\040\000C\000a\000t\000e\000g\000o\000r\000i\000c\000a\000l\000\040\000A\000p\000e\000r\000t\000u\000r\000e}{part.3}% 30
\BOOKMARK [2][-]{subsection.8.1}{\376\377\000T\000h\000e\000\040\000N\000e\000w\000t\000o\000n\000'\000s\000-\000C\000r\000a\000d\000l\000e\000\040\000P\000i\000c\000t\000u\000r\000e}{section.8}% 31
\BOOKMARK [2][-]{subsection.8.2}{\376\377\000C\000a\000t\000e\000g\000o\000r\000i\000c\000a\000l\000\040\000D\000i\000s\000t\000a\000n\000c\000e}{section.8}% 32
\BOOKMARK [1][-]{section.9}{\376\377\000S\000p\000i\000n\000-\000C\000r\000o\000s\000s\000o\000v\000e\000r\000\040\000v\000i\000a\000\040\000C\000l\000o\000s\000e\000d\000-\000F\000o\000r\000m\000\040\000F\000u\000n\000c\000t\000o\000r\000s}{part.3}% 33
\BOOKMARK [2][-]{subsection.9.1}{\376\377\000P\000a\000r\000t\000i\000t\000i\000o\000n\000-\000D\000e\000p\000t\000h\000\040\000C\000h\000a\000n\000g\000e}{section.9}% 34
\BOOKMARK [2][-]{subsection.9.2}{\376\377\000S\000p\000i\000n\000-\000C\000r\000o\000s\000s\000o\000v\000e\000r\000\040\000F\000r\000e\000e\000\040\000E\000n\000e\000r\000g\000y}{section.9}% 35
\BOOKMARK [2][-]{subsection.9.3}{\376\377\000S\000p\000i\000n\000-\000S\000t\000a\000t\000e\000\040\000S\000e\000l\000e\000c\000t\000i\000o\000n\000\040\000R\000u\000l\000e\000s\000\040\000R\000e\000v\000i\000s\000i\000t\000e\000d}{section.9}% 36
\BOOKMARK [1][-]{section.10}{\376\377\000T\000h\000e\000\040\000S\000u\000b\000s\000t\000r\000a\000t\000e\000\040\000C\000h\000a\000n\000n\000e\000l\000\040\000a\000s\000\040\000E\000l\000e\000c\000t\000r\000o\000s\000t\000a\000t\000i\000c\000\040\000C\000h\000a\000m\000b\000e\000r}{part.3}% 37
\BOOKMARK [2][-]{subsection.10.1}{\376\377\000C\000h\000a\000m\000b\000e\000r\000\040\000T\000h\000e\000o\000r\000e\000m\000\040\000A\000p\000p\000l\000i\000e\000d\000\040\000t\000o\000\040\000t\000h\000e\000\040\000A\000c\000t\000i\000v\000e\000\040\000S\000i\000t\000e}{section.10}% 38
\BOOKMARK [2][-]{subsection.10.2}{\376\377\000C\000o\000n\000f\000i\000n\000e\000m\000e\000n\000t\000\040\000E\000n\000e\000r\000g\000y}{section.10}% 39
\BOOKMARK [2][-]{subsection.10.3}{\376\377\000I\000m\000p\000l\000i\000c\000a\000t\000i\000o\000n\000\040\000f\000o\000r\000\040\000S\000u\000b\000s\000t\000r\000a\000t\000e\000\040\000S\000p\000e\000c\000i\000f\000i\000c\000i\000t\000y}{section.10}% 40
\BOOKMARK [1][-]{section.11}{\376\377\000V\000a\000l\000i\000d\000a\000t\000i\000o\000n\000\040\000A\000g\000a\000i\000n\000s\000t\000\040\000P\000D\000B\000\040\0001\000W\0000\000E}{part.3}% 41
\BOOKMARK [2][-]{subsection.11.1}{\376\377\000P\000r\000e\000d\000i\000c\000t\000e\000d\000\040\000O\000b\000s\000e\000r\000v\000a\000b\000l\000e\000s}{section.11}% 42
\BOOKMARK [0][-]{part.4}{\376\377\000I\000V\000\040\000T\000h\000e\000\040\0001\0002\000\040\000T\000r\000a\000n\000s\000i\000t\000i\000o\000n\000:\000\040\000A\000p\000e\000r\000t\000u\000r\000e\000,\000\040\000B\000i\000n\000d\000i\000n\000g\000,\000\040\000a\000n\000d\000\040\000R\000e\000d\000o\000x\000\040\000S\000w\000i\000t\000c\000h}{}% 43
\BOOKMARK [1][-]{section.12}{\376\377\000T\000h\000e\000\040\000C\000a\000t\000e\000g\000o\000r\000i\000c\000a\000l\000\040\000A\000p\000e\000r\000t\000u\000r\000e}{part.4}% 44
\BOOKMARK [1][-]{section.13}{\376\377\000R\000e\000d\000o\000x\000\040\000P\000o\000t\000e\000n\000t\000i\000a\000l\000\040\000S\000h\000i\000f\000t\000\040\000f\000r\000o\000m\000\040\000M}{part.4}% 45
\BOOKMARK [2][-]{subsection.13.1}{\376\377\000E\000n\000t\000r\000o\000p\000i\000c\000\040\000O\000r\000i\000g\000i\000n}{section.13}% 46
\BOOKMARK [2][-]{subsection.13.2}{\376\377\000N\000u\000m\000e\000r\000i\000c\000a\000l\000\040\000P\000r\000e\000d\000i\000c\000t\000i\000o\000n}{section.13}% 47
\BOOKMARK [1][-]{section.14}{\376\377\000S\000u\000b\000s\000t\000r\000a\000t\000e\000\040\000B\000i\000n\000d\000i\000n\000g\000\040\000F\000r\000e\000e\000\040\000E\000n\000e\000r\000g\000y\000\040\000a\000n\000d\000\040\000R\000a\000t\000e}{part.4}% 48
\BOOKMARK [2][-]{subsection.14.1}{\376\377\000V\000a\000r\000i\000a\000n\000c\000e\040\023\000F\000r\000e\000e\000-\000E\000n\000e\000r\000g\000y\000\040\000o\000f\000\040\000t\000h\000e\000\040\000T\000r\000a\000n\000s\000i\000t\000i\000o\000n}{section.14}% 49
\BOOKMARK [2][-]{subsection.14.2}{\376\377\000S\000u\000b\000s\000t\000r\000a\000t\000e\000\040\000B\000i\000n\000d\000i\000n\000g\000\040\000R\000a\000t\000e}{section.14}% 50
\BOOKMARK [2][-]{subsection.14.3}{\376\377\000T\000h\000e\000\040\000C\000a\000t\000e\000g\000o\000r\000i\000c\000a\000l\000\040\000E\000f\000f\000i\000c\000i\000e\000n\000c\000y\000\040\000P\000r\000e\000d\000i\000c\000t\000i\000o\000n}{section.14}% 51
\BOOKMARK [0][-]{part.5}{\376\377\000V\000\040\000D\000i\000s\000c\000u\000s\000s\000i\000o\000n\000\040\000a\000n\000d\000\040\000C\000o\000n\000c\000l\000u\000s\000i\000o\000n}{}% 52
\BOOKMARK [1][-]{section.15}{\376\377\000L\000i\000m\000i\000t\000a\000t\000i\000o\000n\000s\000\040\000a\000n\000d\000\040\000F\000u\000t\000u\000r\000e\000\040\000W\000o\000r\000k}{part.5}% 53
\BOOKMARK [2][-]{subsection.15.1}{\376\377\000A\000c\000k\000n\000o\000w\000l\000e\000d\000g\000e\000d\000\040\000L\000i\000m\000i\000t\000a\000t\000i\000o\000n\000s}{section.15}% 54
\BOOKMARK [2][-]{subsection.15.2}{\376\377\000O\000p\000e\000n\000\040\000P\000r\000e\000d\000i\000c\000t\000i\000o\000n\000s}{section.15}% 55
\BOOKMARK [2][-]{subsection.15.3}{\376\377\000C\000o\000n\000n\000e\000c\000t\000i\000o\000n\000\040\000t\000o\000\040\000S\000u\000b\000s\000e\000q\000u\000e\000n\000t\000\040\000M\000o\000n\000o\000g\000r\000a\000p\000h\000\040\000P\000a\000p\000e\000r\000s}{section.15}% 56
\BOOKMARK [1][-]{section.16}{\376\377\000C\000o\000n\000c\000l\000u\000s\000i\000o\000n}{part.5}% 57
