\BOOKMARK [0][-]{chapter*.1}{\376\377\000F\000o\000r\000e\000w\000o\000r\000d}{}% 1
\BOOKMARK [0][-]{chapter*.2}{\376\377\000P\000r\000e\000f\000a\000c\000e}{}% 2
\BOOKMARK [0][-]{chapter*.3}{\376\377\000A\000b\000s\000t\000r\000a\000c\000t}{}% 3
\BOOKMARK [0][-]{chapter*.3}{\376\377\000L\000i\000s\000t\000\040\000o\000f\000\040\000F\000i\000g\000u\000r\000e\000s}{}% 4
\BOOKMARK [0][-]{chapter*.3}{\376\377\000L\000i\000s\000t\000\040\000o\000f\000\040\000T\000a\000b\000l\000e\000s}{}% 5
\BOOKMARK [0][-]{chapter.1}{\376\377\000I\000n\000t\000r\000o\000d\000u\000c\000t\000i\000o\000n\000\040\000a\000n\000d\000\040\000F\000r\000a\000m\000e\000w\000o\000r\000k}{}% 6
\BOOKMARK [-1][-]{part.1}{\376\377\000I\000\040\000F\000o\000u\000n\000d\000a\000t\000i\000o\000n\000a\000l\000\040\000T\000h\000e\000o\000r\000y}{}% 7
\BOOKMARK [0][-]{chapter.2}{\376\377\000T\000h\000e\000\040\000B\000i\000o\000l\000o\000g\000i\000c\000a\000l\000\040\000P\000a\000r\000t\000i\000t\000i\000o\000n\000\040\000L\000a\000n\000d\000s\000c\000a\000p\000e}{part.1}% 8
\BOOKMARK [-1][-]{part.2}{\376\377\000I\000I\000\040\000C\000o\000n\000s\000t\000r\000u\000c\000t\000i\000o\000n}{}% 9
\BOOKMARK [0][-]{chapter.3}{\376\377\000P\000a\000p\000e\000r\000\040\0001\000:\000\040\000E\000x\000p\000r\000e\000s\000s\000i\000o\000n\000\040\000A\000l\000g\000e\000b\000r\000a}{part.2}% 10
\BOOKMARK [0][-]{chapter.4}{\376\377\000P\000a\000p\000e\000r\000\040\0002\000:\000\040\000T\000h\000e\000\040\000P\0004\0005\0000\000\040\000A\000d\000d\000r\000e\000s\000s\000\040\000M\000a\000n\000i\000f\000o\000l\000d}{part.2}% 11
\BOOKMARK [0][-]{chapter.5}{\376\377\000P\000a\000p\000e\000r\000\040\0002\000.\0005\000:\000\040\000G\000L\000B\000\040\000S\000t\000r\000u\000c\000t\000u\000r\000a\000l\000\040\000I\000n\000p\000u\000t}{part.2}% 12
\BOOKMARK [0][-]{chapter.6}{\376\377\000P\000a\000p\000e\000r\000\040\0003\000:\000\040\000C\000Y\000P\0003\000A\0004\000\040\000E\000q\000u\000i\000l\000i\000b\000r\000i\000u\000m\000\040\000S\000t\000a\000t\000e\000s}{part.2}% 13
\BOOKMARK [-1][-]{part.3}{\376\377\000I\000I\000I\000\040\000O\000b\000s\000e\000r\000v\000a\000t\000i\000o\000n}{}% 14
\BOOKMARK [0][-]{chapter.7}{\376\377\000P\000a\000p\000e\000r\000\040\0004\000:\000\040\000E\000l\000e\000c\000t\000r\000o\000n\000\040\000T\000r\000a\000n\000s\000f\000e\000r\000\040\000C\000h\000a\000i\000n\000\040\000\050\000H\000e\000a\000d\000l\000i\000n\000e\000\051}{part.3}% 15
\BOOKMARK [0][-]{chapter.8}{\376\377\000P\000a\000p\000e\000r\000\040\0005\000:\000\040\000C\000o\000m\000p\000o\000u\000n\000d\000\040\000I\000\040\000F\000o\000r\000m\000a\000t\000i\000o\000n}{part.3}% 16
\BOOKMARK [0][-]{chapter.9}{\376\377\000P\000a\000p\000e\000r\000\040\0006\000:\000\040\000C\040\023\000H\000\040\000A\000c\000t\000i\000v\000a\000t\000i\000o\000n\000\040\000a\000n\000d\000\040\000R\000e\000b\000o\000u\000n\000d}{part.3}% 17
\BOOKMARK [-1][-]{part.4}{\376\377\000I\000V\000\040\000D\000i\000v\000e\000r\000s\000i\000t\000y\000\040\000a\000n\000d\000\040\000R\000e\000a\000c\000t\000i\000o\000n\000s}{}% 18
\BOOKMARK [0][-]{chapter.10}{\376\377\000P\000a\000p\000e\000r\000\040\0007\000:\000\040\000H\000e\000t\000e\000r\000o\000a\000t\000o\000m\000\040\000O\000x\000i\000d\000a\000t\000i\000o\000n\000\040\000a\000n\000d\000\040\000D\000e\000a\000l\000k\000y\000l\000a\000t\000i\000o\000n}{part.4}% 19
\BOOKMARK [0][-]{chapter.11}{\376\377\000P\000a\000p\000e\000r\000\040\0008\000:\000\040\000A\000t\000y\000p\000i\000c\000a\000l\000\040\000R\000e\000a\000c\000t\000i\000o\000n\000s\000\040\000A\000t\000l\000a\000s}{part.4}% 20
\BOOKMARK [0][-]{chapter.12}{\376\377\000P\000a\000p\000e\000r\000\040\0009\000:\000\040\0005\0007\000-\000I\000s\000o\000f\000o\000r\000m\000\040\000T\000a\000x\000o\000n\000o\000m\000y}{part.4}% 21
\BOOKMARK [0][-]{chapter.13}{\376\377\000P\000a\000p\000e\000r\000\040\0001\0000\000:\000\040\000P\000h\000a\000r\000m\000a\000c\000o\000g\000e\000n\000o\000m\000i\000c\000s\000\040\000A\000t\000l\000a\000s}{part.4}% 22
\BOOKMARK [-1][-]{part.5}{\376\377\000V\000\040\000P\000h\000y\000s\000i\000c\000a\000l\000\040\000M\000a\000c\000h\000i\000n\000e\000r\000y\000\040\000a\000n\000d\000\040\000S\000y\000n\000t\000h\000e\000s\000i\000s}{}% 23
\BOOKMARK [0][-]{chapter.14}{\376\377\000P\000a\000p\000e\000r\000\040\0001\0001\000:\000\040\000M\000e\000m\000b\000r\000a\000n\000e\000\040\000A\000n\000c\000h\000o\000r\000i\000n\000g\000\040\000a\000n\000d\000\040\000C\000P\000R\000\040\000C\000o\000u\000p\000l\000i\000n\000g}{part.5}% 24
\BOOKMARK [0][-]{chapter.15}{\376\377\000P\000a\000p\000e\000r\000\040\0001\0002\000:\000\040\000S\000e\000v\000e\000n\000-\000S\000t\000a\000t\000e\000\040\000C\000l\000o\000s\000e\000d\000\040\000O\000r\000b\000i\000t}{part.5}% 25
\BOOKMARK [-1][-]{part.6}{\376\377\000V\000I\000\040\000S\000p\000e\000c\000t\000r\000o\000s\000c\000o\000p\000y\000\040\000a\000n\000d\000\040\000I\000n\000f\000o\000r\000m\000a\000t\000i\000c\000s}{}% 26
\BOOKMARK [0][-]{chapter.16}{\376\377\000P\000a\000p\000e\000r\000\040\0001\0003\000:\000\040\000S\000p\000e\000c\000t\000r\000o\000s\000c\000o\000p\000i\000c\000\040\000A\000t\000l\000a\000s}{part.6}% 27
\BOOKMARK [0][-]{chapter.17}{\376\377\000P\000a\000p\000e\000r\000\040\0001\0004\000:\000\040\000T\000e\000r\000n\000a\000r\000y\000\040\000D\000a\000t\000a\000b\000a\000s\000e\000\040\000R\000e\000c\000o\000v\000e\000r\000y}{part.6}% 28
\BOOKMARK [-1][-]{part.7}{\376\377\000V\000I\000I\000\040\000P\000h\000a\000r\000m\000a\000c\000o\000l\000o\000g\000y}{}% 29
\BOOKMARK [0][-]{chapter.18}{\376\377\000P\000a\000p\000e\000r\000\040\0001\0005\000:\000\040\000P\000o\000l\000y\000m\000o\000r\000p\000h\000i\000s\000m\000s\000,\000\040\000D\000D\000I\000,\000\040\000a\000n\000d\000\040\000C\000o\000m\000p\000o\000u\000n\000d\000\040\000P\000h\000e\000n\000o\000t\000y\000p\000e}{part.7}% 30
\BOOKMARK [0][-]{chapter*.4}{\376\377\000V\000a\000l\000i\000d\000a\000t\000i\000o\000n\000\040\000S\000u\000m\000m\000a\000r\000y}{part.7}% 31
\BOOKMARK [0][-]{chapter*.5}{\376\377\000N\000o\000t\000e\000s\000\040\000o\000n\000\040\000C\000o\000m\000p\000i\000l\000a\000t\000i\000o\000n}{part.7}% 32
\BOOKMARK [0][-]{chapter*.6}{\376\377\000B\000i\000b\000l\000i\000o\000g\000r\000a\000p\000h\000y}{part.7}% 33
