\BOOKMARK [0][-]{part.1}{\376\377\000I\000\040\000F\000o\000u\000n\000d\000a\000t\000i\000o\000n\000s}{}% 1
\BOOKMARK [1][-]{section.1}{\376\377\000I\000n\000t\000r\000o\000d\000u\000c\000t\000i\000o\000n}{part.1}% 2
\BOOKMARK [2][-]{subsection.1.1}{\376\377\000T\000h\000e\000\040\000F\000o\000l\000d\000i\000n\000g\000\040\000P\000r\000o\000b\000l\000e\000m\000\040\000a\000s\000\040\000F\000r\000e\000q\000u\000e\000n\000c\000y\000\040\000M\000a\000t\000c\000h\000i\000n\000g}{section.1}% 3
\BOOKMARK [2][-]{subsection.1.2}{\376\377\000F\000r\000o\000m\000\040\000C\000o\000n\000f\000o\000r\000m\000a\000t\000i\000o\000n\000a\000l\000\040\000S\000e\000a\000r\000c\000h\000\040\000t\000o\000\040\000O\000s\000c\000i\000l\000l\000a\000t\000o\000r\000\040\000S\000y\000n\000c\000h\000r\000o\000n\000i\000z\000a\000t\000i\000o\000n}{section.1}% 4
\BOOKMARK [2][-]{subsection.1.3}{\376\377\000T\000h\000e\000\040\000S\000p\000e\000c\000t\000r\000a\000l\000\040\000B\000r\000i\000d\000g\000e\000:\000\040\000C\000o\000u\000p\000l\000i\000n\000g\000\040\000S\000p\000e\000c\000t\000r\000a\000\040\000a\000s\000\040\000I\000m\000a\000g\000e\000s}{section.1}% 5
\BOOKMARK [2][-]{subsection.1.4}{\376\377\000T\000h\000e\000\040\000P\000a\000r\000t\000i\000t\000i\000o\000n\000\040\000C\000a\000l\000c\000u\000l\000u\000s\000\040\000P\000i\000p\000e\000l\000i\000n\000e}{section.1}% 6
\BOOKMARK [2][-]{subsection.1.5}{\376\377\000C\000e\000n\000t\000r\000a\000l\000\040\000C\000l\000a\000i\000m\000\040\000a\000n\000d\000\040\000C\000o\000n\000t\000r\000i\000b\000u\000t\000i\000o\000n\000s}{section.1}% 7
\BOOKMARK [1][-]{section.2}{\376\377\000T\000h\000e\000o\000r\000e\000t\000i\000c\000a\000l\000\040\000F\000o\000u\000n\000d\000a\000t\000i\000o\000n\000s}{part.1}% 8
\BOOKMARK [2][-]{subsection.2.1}{\376\377\000B\000o\000u\000n\000d\000e\000d\000\040\000P\000h\000a\000s\000e\000\040\000S\000p\000a\000c\000e\000\040\000L\000a\000w}{section.2}% 9
\BOOKMARK [2][-]{subsection.2.2}{\376\377\000P\000r\000o\000t\000e\000i\000n\000\040\000O\000s\000c\000i\000l\000l\000a\000t\000o\000r\000y\000\040\000S\000t\000r\000u\000c\000t\000u\000r\000e}{section.2}% 10
\BOOKMARK [2][-]{subsection.2.3}{\376\377\000S\000-\000E\000n\000t\000r\000o\000p\000y\000\040\000C\000o\000o\000r\000d\000i\000n\000a\000t\000e\000s\000\040\000f\000o\000r\000\040\000A\000m\000i\000n\000o\000\040\000A\000c\000i\000d\000s}{section.2}% 11
\BOOKMARK [2][-]{subsection.2.4}{\376\377\000T\000h\000e\000\040\000K\000u\000r\000a\000m\000o\000t\000o\000\040\000M\000o\000d\000e\000l\000\040\000f\000o\000r\000\040\000R\000e\000s\000i\000d\000u\000e\000\040\000C\000o\000u\000p\000l\000i\000n\000g}{section.2}% 12
\BOOKMARK [2][-]{subsection.2.5}{\376\377\000T\000r\000i\000p\000l\000e\000\040\000E\000q\000u\000i\000v\000a\000l\000e\000n\000c\000e}{section.2}% 13
\BOOKMARK [0][-]{part.2}{\376\377\000I\000I\000\040\000F\000o\000l\000d\000i\000n\000g\000\040\000a\000s\000\040\000F\000r\000e\000q\000u\000e\000n\000c\000y\000\040\000M\000a\000t\000c\000h\000i\000n\000g}{}% 14
\BOOKMARK [1][-]{section.3}{\376\377\000T\000h\000e\000\040\000C\000o\000u\000p\000l\000i\000n\000g\000\040\000M\000a\000t\000r\000i\000x}{part.2}% 15
\BOOKMARK [1][-]{section.4}{\376\377\000P\000h\000a\000s\000e\000-\000L\000o\000c\000k\000\040\000D\000y\000n\000a\000m\000i\000c\000s}{part.2}% 16
\BOOKMARK [2][-]{subsection.4.1}{\376\377\000T\000h\000e\000\040\000K\000u\000r\000a\000m\000o\000t\000o\000\040\000S\000y\000n\000c\000h\000r\000o\000n\000i\000z\000a\000t\000i\000o\000n\000\040\000P\000r\000o\000c\000e\000s\000s}{section.4}% 17
\BOOKMARK [2][-]{subsection.4.2}{\376\377\000T\000h\000e\000\040\000K\000u\000r\000a\000m\000o\000t\000o\000\040\000E\000n\000e\000r\000g\000y}{section.4}% 18
\BOOKMARK [1][-]{section.5}{\376\377\000T\000h\000e\000\040\000C\000o\000u\000p\000l\000i\000n\000g\000\040\000S\000p\000e\000c\000t\000r\000u\000m}{part.2}% 19
\BOOKMARK [0][-]{part.3}{\376\377\000I\000I\000I\000\040\000T\000h\000e\000\040\000S\000p\000e\000c\000t\000r\000a\000l\000\040\000M\000o\000r\000p\000h\000i\000s\000m\000\040\000C\000h\000a\000i\000n}{}% 20
\BOOKMARK [1][-]{section.6}{\376\377\000T\000h\000e\000\040\000P\000a\000r\000t\000i\000t\000i\000o\000n\000\040\000C\000a\000l\000c\000u\000l\000u\000s\000\040\000f\000o\000r\000\040\000F\000o\000l\000d\000i\000n\000g\000\040\000S\000p\000e\000c\000t\000r\000a}{part.3}% 21
\BOOKMARK [1][-]{section.7}{\376\377\000T\000h\000e\000\040\000O\000b\000s\000e\000r\000v\000e\000\040\000O\000p\000e\000r\000a\000t\000i\000o\000n\000\040\000\050\000P\000a\000s\000s\000\040\0003\000\051}{part.3}% 22
\BOOKMARK [1][-]{section.8}{\376\377\000T\000h\000e\000\040\000C\000a\000t\000a\000l\000y\000z\000e\000\040\000O\000p\000e\000r\000a\000t\000i\000o\000n\000\040\000\050\000P\000a\000s\000s\000\040\0004\000\051}{part.3}% 23
\BOOKMARK [1][-]{section.9}{\376\377\000T\000h\000e\000\040\000F\000u\000s\000e\000\040\000O\000p\000e\000r\000a\000t\000i\000o\000n\000\040\000\050\000P\000a\000s\000s\000\040\0005\000\051}{part.3}% 24
\BOOKMARK [1][-]{section.10}{\376\377\000T\000h\000e\000\040\000A\000c\000c\000e\000s\000s\000\040\000O\000p\000e\000r\000a\000t\000i\000o\000n\000\040\000\050\000P\000a\000s\000s\000\040\0006\000\051}{part.3}% 25
\BOOKMARK [0][-]{part.4}{\376\377\000I\000V\000\040\000G\000P\000U\000\040\000I\000m\000p\000l\000e\000m\000e\000n\000t\000a\000t\000i\000o\000n}{}% 26
\BOOKMARK [1][-]{section.11}{\376\377\000T\000h\000e\000\040\000R\000u\000s\000t\040\023\000G\000P\000U\000\040\000I\000n\000t\000e\000r\000f\000a\000c\000e}{part.4}% 27
\BOOKMARK [2][-]{subsection.11.1}{\376\377\000S\000e\000r\000i\000a\000l\000i\000z\000a\000t\000i\000o\000n\000\040\000t\000o\000\040\000G\000P\000U\000\040\000T\000e\000x\000t\000u\000r\000e\000s}{section.11}% 28
\BOOKMARK [1][-]{section.12}{\376\377\000S\000h\000a\000d\000e\000r\000\040\000A\000r\000c\000h\000i\000t\000e\000c\000t\000u\000r\000e}{part.4}% 29
\BOOKMARK [2][-]{subsection.12.1}{\376\377\000P\000a\000s\000s\000\040\0001\000:\000\040\000C\000o\000u\000p\000l\000i\000n\000g\000\040\000S\000p\000e\000c\000t\000r\000o\000g\000r\000a\000m}{section.12}% 30
\BOOKMARK [2][-]{subsection.12.2}{\376\377\000P\000a\000s\000s\000\040\0002\000:\000\040\000S\000p\000e\000c\000t\000r\000u\000m\000\040\000t\000o\000\040\000P\000a\000r\000t\000i\000t\000i\000o\000n\000\040\000I\000m\000a\000g\000e}{section.12}% 31
\BOOKMARK [2][-]{subsection.12.3}{\376\377\000P\000a\000s\000s\000\040\0003\000:\000\040\000O\000b\000s\000e\000r\000v\000e}{section.12}% 32
\BOOKMARK [2][-]{subsection.12.4}{\376\377\000P\000a\000s\000s\000\040\0004\000:\000\040\000C\000a\000t\000a\000l\000y\000z\000e}{section.12}% 33
\BOOKMARK [2][-]{subsection.12.5}{\376\377\000P\000a\000s\000s\000\040\0005\000:\000\040\000F\000u\000s\000e}{section.12}% 34
\BOOKMARK [2][-]{subsection.12.6}{\376\377\000P\000a\000s\000s\000\040\0006\000:\000\040\000A\000c\000c\000e\000s\000s}{section.12}% 35
\BOOKMARK [1][-]{section.13}{\376\377\000C\000o\000m\000p\000l\000e\000x\000i\000t\000y\000\040\000A\000n\000a\000l\000y\000s\000i\000s}{part.4}% 36
\BOOKMARK [0][-]{part.5}{\376\377\000V\000\040\000E\000x\000p\000e\000r\000i\000m\000e\000n\000t\000a\000l\000\040\000C\000o\000n\000n\000e\000c\000t\000i\000o\000n}{}% 37
\BOOKMARK [1][-]{section.14}{\376\377\0002\000D\000-\000I\000R\000\040\000S\000p\000e\000c\000t\000r\000o\000s\000c\000o\000p\000y\000\040\000E\000q\000u\000i\000v\000a\000l\000e\000n\000c\000e}{part.5}% 38
\BOOKMARK [2][-]{subsection.14.1}{\376\377\0002\000D\000-\000I\000R\000\040\000S\000p\000e\000c\000t\000r\000o\000s\000c\000o\000p\000y\000\040\000B\000a\000c\000k\000g\000r\000o\000u\000n\000d}{section.14}% 39
\BOOKMARK [2][-]{subsection.14.2}{\376\377\000M\000a\000t\000h\000e\000m\000a\000t\000i\000c\000a\000l\000\040\000I\000d\000e\000n\000t\000i\000t\000y}{section.14}% 40
\BOOKMARK [2][-]{subsection.14.3}{\376\377\000D\000i\000a\000g\000n\000o\000s\000t\000i\000c\000\040\000S\000i\000g\000n\000a\000t\000u\000r\000e\000s}{section.14}% 41
\BOOKMARK [1][-]{section.15}{\376\377\000A\000d\000d\000i\000t\000i\000o\000n\000a\000l\000\040\000E\000x\000p\000e\000r\000i\000m\000e\000n\000t\000a\000l\000\040\000M\000o\000d\000a\000l\000i\000t\000i\000e\000s}{part.5}% 42
\BOOKMARK [2][-]{subsection.15.1}{\376\377\000N\000O\000E\000S\000Y\000-\000N\000M\000R}{section.15}% 43
\BOOKMARK [2][-]{subsection.15.2}{\376\377\000C\000r\000o\000s\000s\000l\000i\000n\000k\000i\000n\000g\000\040\000M\000a\000s\000s\000\040\000S\000p\000e\000c\000t\000r\000o\000m\000e\000t\000r\000y}{section.15}% 44
\BOOKMARK [2][-]{subsection.15.3}{\376\377\000H\000y\000d\000r\000o\000g\000e\000n\000-\000D\000e\000u\000t\000e\000r\000i\000u\000m\000\040\000E\000x\000c\000h\000a\000n\000g\000e}{section.15}% 45
\BOOKMARK [0][-]{part.6}{\376\377\000V\000I\000\040\000V\000a\000l\000i\000d\000a\000t\000i\000o\000n\000\040\000P\000r\000o\000t\000o\000c\000o\000l}{}% 46
\BOOKMARK [1][-]{section.16}{\376\377\000V\000a\000l\000i\000d\000a\000t\000i\000o\000n\000\040\000F\000r\000a\000m\000e\000w\000o\000r\000k}{part.6}% 47
\BOOKMARK [2][-]{subsection.16.1}{\376\377\000T\000e\000s\000t\000\040\000P\000r\000o\000t\000e\000i\000n\000s}{section.16}% 48
\BOOKMARK [2][-]{subsection.16.2}{\376\377\000P\000r\000o\000t\000o\000c\000o\000l\000\040\0001\000:\000\040\000E\000i\000g\000e\000n\000s\000t\000r\000u\000c\000t\000u\000r\000e\000\040\000P\000r\000e\000d\000i\000c\000t\000i\000o\000n}{section.16}% 49
\BOOKMARK [2][-]{subsection.16.3}{\376\377\000P\000r\000o\000t\000o\000c\000o\000l\000\040\0002\000:\000\040\000S\000y\000n\000t\000h\000e\000t\000i\000c\000\040\0002\000D\000-\000I\000R\000\040\000C\000o\000m\000p\000a\000r\000i\000s\000o\000n}{section.16}% 50
\BOOKMARK [2][-]{subsection.16.4}{\376\377\000P\000r\000o\000t\000o\000c\000o\000l\000\040\0003\000:\000\040\000C\000o\000n\000t\000a\000c\000t\000\040\000M\000a\000p\000\040\000A\000c\000c\000u\000r\000a\000c\000y}{section.16}% 51
\BOOKMARK [2][-]{subsection.16.5}{\376\377\000P\000r\000o\000t\000o\000c\000o\000l\000\040\0004\000:\000\040\000G\000P\000U\000\040\000T\000i\000m\000i\000n\000g}{section.16}% 52
\BOOKMARK [1][-]{section.17}{\376\377\000P\000r\000e\000d\000i\000c\000t\000e\000d\000\040\000R\000e\000s\000u\000l\000t\000s}{part.6}% 53
\BOOKMARK [0][-]{part.7}{\376\377\000V\000I\000I\000\040\000D\000i\000s\000c\000u\000s\000s\000i\000o\000n\000\040\000a\000n\000d\000\040\000C\000o\000n\000c\000l\000u\000s\000i\000o\000n}{}% 54
\BOOKMARK [1][-]{section.18}{\376\377\000D\000i\000s\000c\000u\000s\000s\000i\000o\000n}{part.7}% 55
\BOOKMARK [2][-]{subsection.18.1}{\376\377\000W\000h\000a\000t\000\040\000W\000a\000s\000\040\000D\000e\000r\000i\000v\000e\000d}{section.18}% 56
\BOOKMARK [2][-]{subsection.18.2}{\376\377\000T\000h\000e\000\040\000T\000r\000i\000p\000l\000e\000\040\000R\000e\000p\000r\000e\000s\000e\000n\000t\000a\000t\000i\000o\000n}{section.18}% 57
\BOOKMARK [2][-]{subsection.18.3}{\376\377\000W\000h\000y\000\040\000T\000h\000i\000s\000\040\000W\000o\000r\000k\000s}{section.18}% 58
\BOOKMARK [2][-]{subsection.18.4}{\376\377\000L\000i\000m\000i\000t\000a\000t\000i\000o\000n\000s}{section.18}% 59
\BOOKMARK [2][-]{subsection.18.5}{\376\377\000F\000u\000t\000u\000r\000e\000\040\000D\000i\000r\000e\000c\000t\000i\000o\000n\000s}{section.18}% 60
\BOOKMARK [1][-]{section.19}{\376\377\000C\000o\000n\000c\000l\000u\000s\000i\000o\000n}{part.7}% 61
